Archive member included to satisfy reference by file (symbol)

c:/nxp/s32ds_arm_v2.2/s32ds/build_tools/gcc_v6.3/gcc-6.3-arm32-eabi/bin/../lib/gcc/arm-none-eabi/6.3.1/thumb/v7e-m/fpv4-sp/hard\libgcc.a(_arm_addsubdf3.o)
                              ./Sources/main.o (__aeabi_dsub)
c:/nxp/s32ds_arm_v2.2/s32ds/build_tools/gcc_v6.3/gcc-6.3-arm32-eabi/bin/../lib/gcc/arm-none-eabi/6.3.1/thumb/v7e-m/fpv4-sp/hard\libgcc.a(_arm_muldivdf3.o)
                              ./Sources/main.o (__aeabi_dmul)
c:/nxp/s32ds_arm_v2.2/s32ds/build_tools/gcc_v6.3/gcc-6.3-arm32-eabi/bin/../lib/gcc/arm-none-eabi/6.3.1/thumb/v7e-m/fpv4-sp/hard\libgcc.a(_arm_cmpdf2.o)
                              ./Sources/main.o (__aeabi_dcmple)
c:/nxp/s32ds_arm_v2.2/s32ds/build_tools/gcc_v6.3/gcc-6.3-arm32-eabi/bin/../lib/gcc/arm-none-eabi/6.3.1/thumb/v7e-m/fpv4-sp/hard\libgcc.a(_arm_truncdfsf2.o)
                              ./Sources/main.o (__aeabi_d2f)
c:/nxp/s32ds_arm_v2.2/s32ds/build_tools/gcc_v6.3/gcc-6.3-arm32-eabi/bin/../lib/gcc/arm-none-eabi/6.3.1/thumb/v7e-m/fpv4-sp/hard\libgcc.a(_aeabi_uldivmod.o)
                              ./SDK/platform/drivers/src/lpit/lpit_driver.o (__aeabi_uldivmod)
c:/nxp/s32ds_arm_v2.2/s32ds/build_tools/gcc_v6.3/gcc-6.3-arm32-eabi/bin/../lib/gcc/arm-none-eabi/6.3.1/thumb/v7e-m/fpv4-sp/hard\libgcc.a(_udivmoddi4.o)
                              c:/nxp/s32ds_arm_v2.2/s32ds/build_tools/gcc_v6.3/gcc-6.3-arm32-eabi/bin/../lib/gcc/arm-none-eabi/6.3.1/thumb/v7e-m/fpv4-sp/hard\libgcc.a(_aeabi_uldivmod.o) (__udivmoddi4)
c:/nxp/s32ds_arm_v2.2/s32ds/build_tools/gcc_v6.3/gcc-6.3-arm32-eabi/bin/../lib/gcc/arm-none-eabi/6.3.1/thumb/v7e-m/fpv4-sp/hard\libgcc.a(_dvmd_tls.o)
                              c:/nxp/s32ds_arm_v2.2/s32ds/build_tools/gcc_v6.3/gcc-6.3-arm32-eabi/bin/../lib/gcc/arm-none-eabi/6.3.1/thumb/v7e-m/fpv4-sp/hard\libgcc.a(_aeabi_uldivmod.o) (__aeabi_ldiv0)
C:/NXP/S32DS_ARM_v2.2/S32DS/build_tools/gcc_v6.3/gcc-6.3-arm32-eabi/arm-none-eabi/newlib/lib/thumb/v7e-m/fpv4-sp/hard\libc_nano.a(lib_a-exit.o)
                              C:/NXP/S32DS_ARM_v2.2/S32DS/build_tools/gcc_v6.3/gcc-6.3-arm32-eabi/arm-none-eabi/newlib/lib/thumb/v7e-m/fpv4-sp/hard/crt0.o (exit)
C:/NXP/S32DS_ARM_v2.2/S32DS/build_tools/gcc_v6.3/gcc-6.3-arm32-eabi/arm-none-eabi/newlib/lib/thumb/v7e-m/fpv4-sp/hard\libc_nano.a(lib_a-impure.o)
                              C:/NXP/S32DS_ARM_v2.2/S32DS/build_tools/gcc_v6.3/gcc-6.3-arm32-eabi/arm-none-eabi/newlib/lib/thumb/v7e-m/fpv4-sp/hard\libc_nano.a(lib_a-exit.o) (_global_impure_ptr)
C:/NXP/S32DS_ARM_v2.2/S32DS/build_tools/gcc_v6.3/gcc-6.3-arm32-eabi/arm-none-eabi/newlib/lib/thumb/v7e-m/fpv4-sp/hard\libc_nano.a(lib_a-init.o)
                              C:/NXP/S32DS_ARM_v2.2/S32DS/build_tools/gcc_v6.3/gcc-6.3-arm32-eabi/arm-none-eabi/newlib/lib/thumb/v7e-m/fpv4-sp/hard/crt0.o (__libc_init_array)
C:/NXP/S32DS_ARM_v2.2/S32DS/build_tools/gcc_v6.3/gcc-6.3-arm32-eabi/arm-none-eabi/newlib/lib/thumb/v7e-m/fpv4-sp/hard\libc_nano.a(lib_a-memset.o)
                              C:/NXP/S32DS_ARM_v2.2/S32DS/build_tools/gcc_v6.3/gcc-6.3-arm32-eabi/arm-none-eabi/newlib/lib/thumb/v7e-m/fpv4-sp/hard/crt0.o (memset)
C:/NXP/S32DS_ARM_v2.2/S32DS/build_tools/gcc_v6.3/gcc-6.3-arm32-eabi/arm-none-eabi/newlib/lib/thumb/v7e-m/fpv4-sp/hard\libnosys.a(_exit.o)
                              C:/NXP/S32DS_ARM_v2.2/S32DS/build_tools/gcc_v6.3/gcc-6.3-arm32-eabi/arm-none-eabi/newlib/lib/thumb/v7e-m/fpv4-sp/hard\libc_nano.a(lib_a-exit.o) (_exit)

Allocating common symbols
Common symbol       size              file

dutyCycleB          0x2               ./Sources/main.o
disL_low_t          0x4               ./Sources/main.o
deltaR              0x4               ./Sources/main.o
rorRead             0x1               ./Sources/main.o
CurrentSteeringAngle
                    0x2               ./Sources/main.o
sendCAN1Buff        0x14              ./Sources/main.o
RxDATA              0x8               ./Sources/main.o
j                   0x1               ./Sources/main.o
INT_Control_Angle   0x4               ./Sources/main.o
GearShiftM          0x1               ./Sources/main.o
disR_h              0x4               ./Sources/main.o
Testing             0x8               ./Sources/main.o
lpuart1_State       0x34              ./Generated_Code/lpuart1.o
disR                0x4               ./Sources/main.o
RxL_n               0x1               ./Sources/main.o
CounterRead         0x1               ./Sources/main.o
newCS               0x1               ./Sources/main.o
RxID                0x4               ./Sources/main.o
to16Buf             0x2               ./Sources/main.o
g_xtal0ClkFreq      0x4               ./SDK/platform/drivers/src/clock/S32K1xx/clock_S32K1xx.o
canCom1_State       0x114             ./Generated_Code/canCom1.o
RxLH                0x2               ./Sources/main.o
disL_h              0x4               ./Sources/main.o
GearShift           0x1               ./Sources/main.o
[...]
Memory Configuration

Name             Origin             Length             Attributes
m_interrupts     0x00000000         0x00000400         xr
m_flash_config   0x00000400         0x00000010         xr
m_text           0x00000410         0x0007fbf0         xr
m_data           0x1fff8000         0x00008000         rw
m_data_2         0x20000000         0x00007000         rw
*default*        0x00000000         0xffffffff

Linker script and memory map

LOAD c:/nxp/s32ds_arm_v2.2/s32ds/build_tools/gcc_v6.3/gcc-6.3-arm32-eabi/bin/../lib/gcc/arm-none-eabi/6.3.1/thumb/v7e-m/fpv4-sp/hard/crti.o
LOAD c:/nxp/s32ds_arm_v2.2/s32ds/build_tools/gcc_v6.3/gcc-6.3-arm32-eabi/bin/../lib/gcc/arm-none-eabi/6.3.1/thumb/v7e-m/fpv4-sp/hard/crtbegin.o
LOAD C:/NXP/S32DS_ARM_v2.2/S32DS/build_tools/gcc_v6.3/gcc-6.3-arm32-eabi/arm-none-eabi/newlib/lib/thumb/v7e-m/fpv4-sp/hard/crt0.o
LOAD ./Generated_Code/Cpu.o
LOAD ./Generated_Code/canCom0.o
LOAD ./Generated_Code/canCom1.o
LOAD ./Generated_Code/canCom2.o
LOAD ./Generated_Code/clockMan1.o
LOAD ./Generated_Code/dmaController1.o
LOAD ./Generated_Code/flexTimer_pwm1.o
LOAD ./Generated_Code/flexTimer_pwm2.o
LOAD ./Generated_Code/lpit1.o
LOAD ./Generated_Code/lpspiCom1.o
LOAD ./Generated_Code/lpuart1.o
LOAD ./Generated_Code/pin_mux.o
LOAD ./Generated_Code/pwrMan1.o
LOAD ./Generated_Code/wdg_pal1.o
LOAD ./Project_Settings/Startup_Code/startup_S32K144.o
LOAD ./SDK/platform/devices/S32K144/startup/system_S32K144.o
LOAD ./SDK/platform/devices/startup.o
LOAD ./SDK/platform/drivers/src/clock/S32K1xx/clock_S32K1xx.o
LOAD ./SDK/platform/drivers/src/edma/edma_driver.o
LOAD ./SDK/platform/drivers/src/edma/edma_hw_access.o
LOAD ./SDK/platform/drivers/src/edma/edma_irq.o
LOAD ./SDK/platform/drivers/src/flexcan/flexcan_driver.o
LOAD ./SDK/platform/drivers/src/flexcan/flexcan_hw_access.o
LOAD ./SDK/platform/drivers/src/flexcan/flexcan_irq.o
LOAD ./SDK/platform/drivers/src/ftm/ftm_common.o
LOAD ./SDK/platform/drivers/src/ftm/ftm_hw_access.o
LOAD ./SDK/platform/drivers/src/ftm/ftm_pwm_driver.o
LOAD ./SDK/platform/drivers/src/interrupt/interrupt_manager.o
LOAD ./SDK/platform/drivers/src/lpit/lpit_driver.o
LOAD ./SDK/platform/drivers/src/lpspi/lpspi_hw_access.o
LOAD ./SDK/platform/drivers/src/lpspi/lpspi_irq.o
LOAD ./SDK/platform/drivers/src/lpspi/lpspi_master_driver.o
LOAD ./SDK/platform/drivers/src/lpspi/lpspi_shared_function.o
LOAD ./SDK/platform/drivers/src/lpspi/lpspi_slave_driver.o
LOAD ./SDK/platform/drivers/src/lpuart/lpuart_driver.o
LOAD ./SDK/platform/drivers/src/lpuart/lpuart_hw_access.o
LOAD ./SDK/platform/drivers/src/lpuart/lpuart_irq.o
LOAD ./SDK/platform/drivers/src/pins/pins_driver.o
LOAD ./SDK/platform/drivers/src/pins/pins_port_hw_access.o
LOAD ./SDK/platform/drivers/src/power/S32K1xx/power_manager_S32K1xx.o
LOAD ./SDK/platform/drivers/src/power/S32K1xx/power_smc_hw_access.o
LOAD ./SDK/platform/drivers/src/power/power_manager.o
LOAD ./SDK/platform/drivers/src/wdog/wdog_driver.o
LOAD ./SDK/platform/drivers/src/wdog/wdog_hw_access.o
LOAD ./SDK/platform/pal/src/wdg/wdg_pal.o
LOAD ./SDK/rtos/osif/osif_baremetal.o
LOAD ./Sources/main.o
START GROUP
LOAD c:/nxp/s32ds_arm_v2.2/s32ds/build_tools/gcc_v6.3/gcc-6.3-arm32-eabi/bin/../lib/gcc/arm-none-eabi/6.3.1/thumb/v7e-m/fpv4-sp/hard\libgcc.a
LOAD C:/NXP/S32DS_ARM_v2.2/S32DS/build_tools/gcc_v6.3/gcc-6.3-arm32-eabi/arm-none-eabi/newlib/lib/thumb/v7e-m/fpv4-sp/hard\libc_nano.a
END GROUP
START GROUP
LOAD c:/nxp/s32ds_arm_v2.2/s32ds/build_tools/gcc_v6.3/gcc-6.3-arm32-eabi/bin/../lib/gcc/arm-none-eabi/6.3.1/thumb/v7e-m/fpv4-sp/hard\libgcc.a
LOAD C:/NXP/S32DS_ARM_v2.2/S32DS/build_tools/gcc_v6.3/gcc-6.3-arm32-eabi/arm-none-eabi/newlib/lib/thumb/v7e-m/fpv4-sp/hard\libc_nano.a
LOAD C:/NXP/S32DS_ARM_v2.2/S32DS/build_tools/gcc_v6.3/gcc-6.3-arm32-eabi/arm-none-eabi/newlib/lib/thumb/v7e-m/fpv4-sp/hard\libnosys.a
END GROUP
START GROUP
LOAD c:/nxp/s32ds_arm_v2.2/s32ds/build_tools/gcc_v6.3/gcc-6.3-arm32-eabi/bin/../lib/gcc/arm-none-eabi/6.3.1/thumb/v7e-m/fpv4-sp/hard\libgcc.a
LOAD C:/NXP/S32DS_ARM_v2.2/S32DS/build_tools/gcc_v6.3/gcc-6.3-arm32-eabi/arm-none-eabi/newlib/lib/thumb/v7e-m/fpv4-sp/hard\libc_nano.a
LOAD C:/NXP/S32DS_ARM_v2.2/S32DS/build_tools/gcc_v6.3/gcc-6.3-arm32-eabi/arm-none-eabi/newlib/lib/thumb/v7e-m/fpv4-sp/hard\libnosys.a
END GROUP
LOAD c:/nxp/s32ds_arm_v2.2/s32ds/build_tools/gcc_v6.3/gcc-6.3-arm32-eabi/bin/../lib/gcc/arm-none-eabi/6.3.1/thumb/v7e-m/fpv4-sp/hard/crtend.o
LOAD c:/nxp/s32ds_arm_v2.2/s32ds/build_tools/gcc_v6.3/gcc-6.3-arm32-eabi/bin/../lib/gcc/arm-none-eabi/6.3.1/thumb/v7e-m/fpv4-sp/hard/crtn.o
                0x00000400                HEAP_SIZE = DEFINED (__heap_size__)?__heap_size__:0x400
                0x00000400                STACK_SIZE = DEFINED (__stack_size__)?__stack_size__:0x400
                0x00000400                M_VECTOR_RAM_SIZE = DEFINED (__flash_vector_table__)?0x0:0x400

.interrupts     0x00000000      0x400
                0x00000000                __VECTOR_TABLE = .
                0x00000000                __interrupts_start__ = .
                0x00000000                . = ALIGN (0x4)
 *(.isr_vector)
 .isr_vector    0x00000000      0x400 ./Project_Settings/Startup_Code/startup_S32K144.o
                0x00000000                __isr_vector
                0x00000400                __interrupts_end__ = .
                0x00000400                . = ALIGN (0x4)

.flash_config   0x00000400       0x10
                0x00000400                . = ALIGN (0x4)
 *(.FlashConfig)
 .FlashConfig   0x00000400       0x10 ./Project_Settings/Startup_Code/startup_S32K144.o
                0x00000410                . = ALIGN (0x4)

.text           0x00000410     0x8428
                0x00000410                . = ALIGN (0x4)
 *(.text)
 .text          0x00000410       0x6c ./Project_Settings/Startup_Code/startup_S32K144.o
                0x00000410                Reset_Handler
                0x00000478                DebugMon_Handler
                0x00000478                Reserved88_IRQHandler
                0x00000478                HardFault_Handler
                0x00000478                Reserved86_IRQHandler
                0x00000478                Reserved103_IRQHandler
                0x00000478                FTM2_Ovf_Reload_IRQHandler
                0x00000478                Reserved50_IRQHandler
                0x00000478                FTFC_Fault_IRQHandler
                0x00000478                FTM0_Ch6_Ch7_IRQHandler
                0x00000478                Reserved114_IRQHandler
                0x00000478                PendSV_Handler
                0x00000478                NMI_Handler
                0x00000478                Reserved89_IRQHandler
                0x00000478                ERM_double_fault_IRQHandler
                0x00000478                Reserved59_IRQHandler
                0x00000478                LPIT0_Ch0_IRQHandler
                0x00000478                Reserved99_IRQHandler
                0x00000478                FTM3_Ch6_Ch7_IRQHandler
                0x00000478                LPIT0_Ch3_IRQHandler
                0x00000478                Reserved92_IRQHandler
                0x00000478                FTM0_Ch4_Ch5_IRQHandler
                0x00000478                FTM3_Ch0_Ch1_IRQHandler
                0x00000478                SWI_IRQHandler
                0x00000478                ADC0_IRQHandler
                0x00000478                FTM2_Ch4_Ch5_IRQHandler
                0x00000478                UsageFault_Handler
                0x00000478                FTM0_Ovf_Reload_IRQHandler
                0x00000478                DefaultISR
                0x00000478                Reserved58_IRQHandler
                0x00000478                FTM1_Ch2_Ch3_IRQHandler
                0x00000478                Reserved82_IRQHandler
                0x00000478                LPI2C0_Slave_IRQHandler
                0x00000478                Reserved71_IRQHandler
                0x00000478                PORTD_IRQHandler
                0x00000478                Reserved69_IRQHandler
                0x00000478                PORTB_IRQHandler
                0x00000478                Reserved70_IRQHandler
                0x00000478                ADC1_IRQHandler
                0x00000478                FTM2_Ch2_Ch3_IRQHandler
                0x00000478                Reserved53_IRQHandler
                0x00000478                RTC_IRQHandler
                0x00000478                PDB0_IRQHandler
                0x00000478                Reserved54_IRQHandler
                0x00000478                FTM2_Ch6_Ch7_IRQHandler
                0x00000478                FTM3_Ch2_Ch3_IRQHandler
                0x00000478                FTM2_Ch0_Ch1_IRQHandler
                0x00000478                LPUART1_RxTx_IRQHandler
                0x00000478                RTC_Seconds_IRQHandler
                0x00000478                Reserved72_IRQHandler
                0x00000478                Reserved110_IRQHandler
                0x00000478                Reserved107_IRQHandler
                0x00000478                Read_Collision_IRQHandler
                0x00000478                FTFC_IRQHandler
                0x00000478                FTM1_Ch6_Ch7_IRQHandler
                0x00000478                Reserved105_IRQHandler
                0x00000478                LPIT0_Ch1_IRQHandler
                0x00000478                FTM1_Ch4_Ch5_IRQHandler
                0x00000478                FTM3_Ovf_Reload_IRQHandler
                0x00000478                LPUART2_RxTx_IRQHandler
                0x00000478                WDOG_EWM_IRQHandler
                0x00000478                MemManage_Handler
                0x00000478                Reserved90_IRQHandler
                0x00000478                Reserved83_IRQHandler
                0x00000478                FTM0_Fault_IRQHandler
                0x00000478                Reserved48_IRQHandler
                0x00000478                SVC_Handler
                0x00000478                ERM_single_fault_IRQHandler
                0x00000478                FTM2_Fault_IRQHandler
                0x00000478                FTM0_Ch2_Ch3_IRQHandler
                0x00000478                FTM0_Ch0_Ch1_IRQHandler
                0x00000478                FTM3_Fault_IRQHandler
                0x00000478                RCM_IRQHandler
                0x00000478                Reserved100_IRQHandler
                0x00000478                Reserved91_IRQHandler
                0x00000478                SCG_IRQHandler
                0x00000478                PDB1_IRQHandler
                0x00000478                Reserved81_IRQHandler
                0x00000478                Reserved46_IRQHandler
                0x00000478                Reserved45_IRQHandler
                0x00000478                Reserved112_IRQHandler
                0x00000478                LPI2C0_Master_IRQHandler
                0x00000478                FTM1_Fault_IRQHandler
                0x00000478                Reserved106_IRQHandler
                0x00000478                LVD_LVW_IRQHandler
                0x00000478                LPIT0_Ch2_IRQHandler
                0x00000478                PORTA_IRQHandler
                0x00000478                MCM_IRQHandler
                0x00000478                FTM3_Ch4_Ch5_IRQHandler
                0x00000478                PORTE_IRQHandler
                0x00000478                LPUART0_RxTx_IRQHandler
                0x00000478                LPTMR0_IRQHandler
                0x00000478                BusFault_Handler
                0x00000478                Reserved87_IRQHandler
                0x00000478                FTM1_Ovf_Reload_IRQHandler
                0x00000478                Reserved93_IRQHandler
                0x00000478                CMP0_IRQHandler
                0x00000478                Reserved52_IRQHandler
                0x00000478                PORTC_IRQHandler
                0x00000478                FTM1_Ch0_Ch1_IRQHandler
                0x00000478                FLEXIO_IRQHandler
                0x00000478                Reserved113_IRQHandler
 .text          0x0000047c      0x378 c:/nxp/s32ds_arm_v2.2/s32ds/build_tools/gcc_v6.3/gcc-6.3-arm32-eabi/bin/../lib/gcc/arm-none-eabi/6.3.1/thumb/v7e-m/fpv4-sp/hard\libgcc.a(_arm_addsubdf3.o)
                0x0000047c                __aeabi_drsub
                0x00000484                __aeabi_dsub
                0x00000484                __subdf3
                0x00000488                __aeabi_dadd
                0x00000488                __adddf3
                0x00000700                __floatunsidf
                0x00000700                __aeabi_ui2d
                0x00000720                __floatsidf
                0x00000720                __aeabi_i2d
                0x00000744                __aeabi_f2d
                0x00000744                __extendsfdf2
                0x00000788                __floatundidf
                0x00000788                __aeabi_ul2d
                0x00000798                __floatdidf
                0x00000798                __aeabi_l2d
 .text          0x000007f4      0x424 c:/nxp/s32ds_arm_v2.2/s32ds/build_tools/gcc_v6.3/gcc-6.3-arm32-eabi/bin/../lib/gcc/arm-none-eabi/6.3.1/thumb/v7e-m/fpv4-sp/hard\libgcc.a(_arm_muldivdf3.o)
                0x000007f4                __aeabi_dmul
                0x000007f4                __muldf3
                0x00000a48                __divdf3
                0x00000a48                __aeabi_ddiv
 .text          0x00000c18      0x110 c:/nxp/s32ds_arm_v2.2/s32ds/build_tools/gcc_v6.3/gcc-6.3-arm32-eabi/bin/../lib/gcc/arm-none-eabi/6.3.1/thumb/v7e-m/fpv4-sp/hard\libgcc.a(_arm_cmpdf2.o)
                0x00000c18                __gtdf2
                0x00000c18                __gedf2
                0x00000c20                __ltdf2
                0x00000c20                __ledf2
                0x00000c28                __nedf2
                0x00000c28                __eqdf2
                0x00000c28                __cmpdf2
                0x00000ca4                __aeabi_cdrcmple
                0x00000cb4                __aeabi_cdcmpeq
                0x00000cb4                __aeabi_cdcmple
                0x00000cc4                __aeabi_dcmpeq
                0x00000cd8                __aeabi_dcmplt
                0x00000cec                __aeabi_dcmple
                0x00000d00                __aeabi_dcmpge
                0x00000d14                __aeabi_dcmpgt
 .text          0x00000d28       0xa0 c:/nxp/s32ds_arm_v2.2/s32ds/build_tools/gcc_v6.3/gcc-6.3-arm32-eabi/bin/../lib/gcc/arm-none-eabi/6.3.1/thumb/v7e-m/fpv4-sp/hard\libgcc.a(_arm_truncdfsf2.o)
                0x00000d28                __truncdfsf2
                0x00000d28                __aeabi_d2f
 .text          0x00000dc8       0x30 c:/nxp/s32ds_arm_v2.2/s32ds/build_tools/gcc_v6.3/gcc-6.3-arm32-eabi/bin/../lib/gcc/arm-none-eabi/6.3.1/thumb/v7e-m/fpv4-sp/hard\libgcc.a(_aeabi_uldivmod.o)
                0x00000dc8                __aeabi_uldivmod
 .text          0x00000df8      0x2e4 c:/nxp/s32ds_arm_v2.2/s32ds/build_tools/gcc_v6.3/gcc-6.3-arm32-eabi/bin/../lib/gcc/arm-none-eabi/6.3.1/thumb/v7e-m/fpv4-sp/hard\libgcc.a(_udivmoddi4.o)
                0x00000df8                __udivmoddi4
 .text          0x000010dc        0x4 c:/nxp/s32ds_arm_v2.2/s32ds/build_tools/gcc_v6.3/gcc-6.3-arm32-eabi/bin/../lib/gcc/arm-none-eabi/6.3.1/thumb/v7e-m/fpv4-sp/hard\libgcc.a(_dvmd_tls.o)
                0x000010dc                __aeabi_idiv0
                0x000010dc                __aeabi_ldiv0
 *(.text*)
 .text.SystemInit
                0x000010e0       0x3c ./SDK/platform/devices/S32K144/startup/system_S32K144.o
                0x000010e0                SystemInit
 .text.init_data_bss
                0x0000111c       0xd8 ./SDK/platform/devices/startup.o
                0x0000111c                init_data_bss
 .text.CLOCK_SYS_GetCurrentRunMode
                0x000011f4       0x24 ./SDK/platform/drivers/src/clock/S32K1xx/clock_S32K1xx.o
 .text.CLOCK_SYS_GetSysOscFreq
                0x00001218       0x1c ./SDK/platform/drivers/src/clock/S32K1xx/clock_S32K1xx.o
 .text.CLOCK_SYS_ConfigureSOSC
                0x00001234      0x12c ./SDK/platform/drivers/src/clock/S32K1xx/clock_S32K1xx.o
 .text.CLOCK_SYS_GetSircFreq
                0x00001360       0x2c ./SDK/platform/drivers/src/clock/S32K1xx/clock_S32K1xx.o
 .text.CLOCK_SYS_ConfigureSIRC
                0x0000138c       0xc4 ./SDK/platform/drivers/src/clock/S32K1xx/clock_S32K1xx.o
 .text.CLOCK_SYS_GetFircFreq
                0x00001450       0x20 ./SDK/platform/drivers/src/clock/S32K1xx/clock_S32K1xx.o
 .text.CLOCK_SYS_ConfigureFIRC
                0x00001470       0xb4 ./SDK/platform/drivers/src/clock/S32K1xx/clock_S32K1xx.o
 .text.CLOCK_SYS_GetSysPllFreq
                0x00001524       0x44 ./SDK/platform/drivers/src/clock/S32K1xx/clock_S32K1xx.o
 .text.CLOCK_SYS_ConfigureSPLL
                0x00001568      0x12c ./SDK/platform/drivers/src/clock/S32K1xx/clock_S32K1xx.o
 .text.CLOCK_SYS_SetSystemClockConfig
                0x00001694      0x204 ./SDK/platform/drivers/src/clock/S32K1xx/clock_S32K1xx.o
 .text.CLOCK_SYS_TransitionSystemClock
                0x00001898       0x54 ./SDK/platform/drivers/src/clock/S32K1xx/clock_S32K1xx.o
 .text.CLOCK_SYS_GetSystemClockFreq
                0x000018ec       0x80 ./SDK/platform/drivers/src/clock/S32K1xx/clock_S32K1xx.o
 .text.CLOCK_SYS_GetScgClkOutFreq
                0x0000196c       0x44 ./SDK/platform/drivers/src/clock/S32K1xx/clock_S32K1xx.o
 .text.CLOCK_SYS_GetSysAsyncFreq
                0x000019b0       0xc0 ./SDK/platform/drivers/src/clock/S32K1xx/clock_S32K1xx.o
 .text.CLOCK_SYS_GetSimRtcClkFreq
                0x00001a70       0x50 ./SDK/platform/drivers/src/clock/S32K1xx/clock_S32K1xx.o
 .text.CLOCK_SYS_GetPeripheralClock
                0x00001ac0       0x78 ./SDK/platform/drivers/src/clock/S32K1xx/clock_S32K1xx.o
 .text.CLOCK_SYS_GetLpoFreq
                0x00001b38       0x4c ./SDK/platform/drivers/src/clock/S32K1xx/clock_S32K1xx.o
 .text.CLOCK_SYS_GetSimClkOutFreq
                0x00001b84       0x98 ./SDK/platform/drivers/src/clock/S32K1xx/clock_S32K1xx.o
 .text.CLOCK_DRV_Init
                0x00001c1c      0x590 ./SDK/platform/drivers/src/clock/S32K1xx/clock_S32K1xx.o
                0x00001c1c                CLOCK_DRV_Init
 .text.CLOCK_DRV_GetFreq
                0x000021ac      0x370 ./SDK/platform/drivers/src/clock/S32K1xx/clock_S32K1xx.o
                0x000021ac                CLOCK_DRV_GetFreq
 .text.CLOCK_SYS_GetFreq
                0x0000251c        0x8 ./SDK/platform/drivers/src/clock/S32K1xx/clock_S32K1xx.o
                0x0000251c                CLOCK_SYS_GetFreq
 .text.EDMA_DRV_ClearIntStatus
                0x00002524       0x20 ./SDK/platform/drivers/src/edma/edma_driver.o
 .text.EDMA_DRV_InstallCallback
                0x00002544       0x30 ./SDK/platform/drivers/src/edma/edma_driver.o
                0x00002544                EDMA_DRV_InstallCallback
 .text.EDMA_DRV_IRQHandler
                0x00002574       0x20 ./SDK/platform/drivers/src/edma/edma_driver.o
                0x00002574                EDMA_DRV_IRQHandler
 .text.EDMA_DRV_ErrorIRQHandler
                0x00002594       0x40 ./SDK/platform/drivers/src/edma/edma_driver.o
                0x00002594                EDMA_DRV_ErrorIRQHandler
 .text.EDMA_DRV_ConfigSingleBlockTransfer
                0x000025d4      0x1d4 ./SDK/platform/drivers/src/edma/edma_driver.o
                0x000025d4                EDMA_DRV_ConfigSingleBlockTransfer
 .text.EDMA_DRV_ConfigMultiBlockTransfer
                0x000027a8       0x7c ./SDK/platform/drivers/src/edma/edma_driver.o
                0x000027a8                EDMA_DRV_ConfigMultiBlockTransfer
 .text.EDMA_DRV_StartChannel
                0x00002824       0x38 ./SDK/platform/drivers/src/edma/edma_driver.o
                0x00002824                EDMA_DRV_StartChannel
 .text.EDMA_DRV_StopChannel
                0x0000285c       0x38 ./SDK/platform/drivers/src/edma/edma_driver.o
                0x0000285c                EDMA_DRV_StopChannel
 .text.EDMA_DRV_SetSrcAddr
                0x00002894       0x34 ./SDK/platform/drivers/src/edma/edma_driver.o
                0x00002894                EDMA_DRV_SetSrcAddr
 .text.EDMA_DRV_SetDestAddr
                0x000028c8       0x38 ./SDK/platform/drivers/src/edma/edma_driver.o
                0x000028c8                EDMA_DRV_SetDestAddr
 .text.EDMA_DRV_SetMajorLoopIterationCount
                0x00002900       0x34 ./SDK/platform/drivers/src/edma/edma_driver.o
                0x00002900                EDMA_DRV_SetMajorLoopIterationCount
 .text.EDMA_DRV_GetRemainingMajorIterationsCount
                0x00002934       0x34 ./SDK/platform/drivers/src/edma/edma_driver.o
                0x00002934                EDMA_DRV_GetRemainingMajorIterationsCount
 .text.EDMA_DRV_GetDmaRegBaseAddr
                0x00002968       0x10 ./SDK/platform/drivers/src/edma/edma_driver.o
                0x00002968                EDMA_DRV_GetDmaRegBaseAddr
 .text.EDMA_SetDmaRequestCmd
                0x00002978        0xa ./SDK/platform/drivers/src/edma/edma_hw_access.o
                0x00002978                EDMA_SetDmaRequestCmd
 .text.EDMA_TCDClearReg
                0x00002982       0x4a ./SDK/platform/drivers/src/edma/edma_hw_access.o
                0x00002982                EDMA_TCDClearReg
 .text.EDMA_TCDSetAttribute
                0x000029cc       0x38 ./SDK/platform/drivers/src/edma/edma_hw_access.o
                0x000029cc                EDMA_TCDSetAttribute
 .text.EDMA_TCDSetNbytes
                0x00002a04       0x64 ./SDK/platform/drivers/src/edma/edma_hw_access.o
                0x00002a04                EDMA_TCDSetNbytes
 .text.EDMA_TCDSetMajorCount
                0x00002a68       0x68 ./SDK/platform/drivers/src/edma/edma_hw_access.o
                0x00002a68                EDMA_TCDSetMajorCount
 .text.EDMA_TCDGetCurrentMajorCount
                0x00002ad0       0x2c ./SDK/platform/drivers/src/edma/edma_hw_access.o
                0x00002ad0                EDMA_TCDGetCurrentMajorCount
 .text.DMA0_IRQHandler
                0x00002afc        0xa ./SDK/platform/drivers/src/edma/edma_irq.o
                0x00002afc                DMA0_IRQHandler
 .text.DMA1_IRQHandler
                0x00002b06        0xa ./SDK/platform/drivers/src/edma/edma_irq.o
                0x00002b06                DMA1_IRQHandler
 .text.DMA2_IRQHandler
                0x00002b10        0xa ./SDK/platform/drivers/src/edma/edma_irq.o
                0x00002b10                DMA2_IRQHandler
 .text.DMA3_IRQHandler
                0x00002b1a        0xa ./SDK/platform/drivers/src/edma/edma_irq.o
                0x00002b1a                DMA3_IRQHandler
 .text.DMA4_IRQHandler
                0x00002b24        0xa ./SDK/platform/drivers/src/edma/edma_irq.o
                0x00002b24                DMA4_IRQHandler
 .text.DMA5_IRQHandler
                0x00002b2e        0xa ./SDK/platform/drivers/src/edma/edma_irq.o
                0x00002b2e                DMA5_IRQHandler
 .text.DMA6_IRQHandler
                0x00002b38        0xa ./SDK/platform/drivers/src/edma/edma_irq.o
                0x00002b38                DMA6_IRQHandler
 .text.DMA7_IRQHandler
                0x00002b42        0xa ./SDK/platform/drivers/src/edma/edma_irq.o
                0x00002b42                DMA7_IRQHandler
 .text.DMA8_IRQHandler
                0x00002b4c        0xa ./SDK/platform/drivers/src/edma/edma_irq.o
                0x00002b4c                DMA8_IRQHandler
 .text.DMA9_IRQHandler
                0x00002b56        0xa ./SDK/platform/drivers/src/edma/edma_irq.o
                0x00002b56                DMA9_IRQHandler
 .text.DMA10_IRQHandler
                0x00002b60        0xa ./SDK/platform/drivers/src/edma/edma_irq.o
                0x00002b60                DMA10_IRQHandler
 .text.DMA11_IRQHandler
                0x00002b6a        0xa ./SDK/platform/drivers/src/edma/edma_irq.o
                0x00002b6a                DMA11_IRQHandler
 .text.DMA12_IRQHandler
                0x00002b74        0xa ./SDK/platform/drivers/src/edma/edma_irq.o
                0x00002b74                DMA12_IRQHandler
 .text.DMA13_IRQHandler
                0x00002b7e        0xa ./SDK/platform/drivers/src/edma/edma_irq.o
                0x00002b7e                DMA13_IRQHandler
 .text.DMA14_IRQHandler
                0x00002b88        0xa ./SDK/platform/drivers/src/edma/edma_irq.o
                0x00002b88                DMA14_IRQHandler
 .text.DMA15_IRQHandler
                0x00002b92        0xa ./SDK/platform/drivers/src/edma/edma_irq.o
                0x00002b92                DMA15_IRQHandler
 .text.DMA_Error_IRQHandler
                0x00002b9c       0x28 ./SDK/platform/drivers/src/edma/edma_irq.o
                0x00002b9c                DMA_Error_IRQHandler
 .text.FLEXCAN_SetTimeSegments
                0x00002bc4       0x4c ./SDK/platform/drivers/src/flexcan/flexcan_driver.o
 .text.FLEXCAN_SetExtendedTimeSegments
                0x00002c10       0x50 ./SDK/platform/drivers/src/flexcan/flexcan_driver.o
 .text.FLEXCAN_SetFDTimeSegments
                0x00002c60       0x5c ./SDK/platform/drivers/src/flexcan/flexcan_driver.o
 .text.FLEXCAN_StartSendData
                0x00002cbc       0xb4 ./SDK/platform/drivers/src/flexcan/flexcan_driver.o
 .text.FLEXCAN_StartRxMessageBufferData
                0x00002d70       0x88 ./SDK/platform/drivers/src/flexcan/flexcan_driver.o
 .text.FLEXCAN_CompleteRxMessageFifoData
                0x00002df8       0xac ./SDK/platform/drivers/src/flexcan/flexcan_driver.o
 .text.FLEXCAN_CompleteTransfer
                0x00002ea4       0x3c ./SDK/platform/drivers/src/flexcan/flexcan_driver.o
 .text.FLEXCAN_DRV_SetRxMb14Mask
                0x00002ee0       0x40 ./SDK/platform/drivers/src/flexcan/flexcan_driver.o
                0x00002ee0                FLEXCAN_DRV_SetRxMb14Mask
 .text.FLEXCAN_DRV_Init
                0x00002f20      0x264 ./SDK/platform/drivers/src/flexcan/flexcan_driver.o
                0x00002f20                FLEXCAN_DRV_Init
 .text.FLEXCAN_DRV_ConfigTxMb
                0x00003184       0x4c ./SDK/platform/drivers/src/flexcan/flexcan_driver.o
                0x00003184                FLEXCAN_DRV_ConfigTxMb
 .text.FLEXCAN_DRV_Send
                0x000031d0       0x44 ./SDK/platform/drivers/src/flexcan/flexcan_driver.o
                0x000031d0                FLEXCAN_DRV_Send
 .text.FLEXCAN_DRV_ConfigRxMb
                0x00003214       0x78 ./SDK/platform/drivers/src/flexcan/flexcan_driver.o
                0x00003214                FLEXCAN_DRV_ConfigRxMb
 .text.FLEXCAN_DRV_Receive
                0x0000328c       0x12 ./SDK/platform/drivers/src/flexcan/flexcan_driver.o
                0x0000328c                FLEXCAN_DRV_Receive
 *fill*         0x0000329e        0x2 
 .text.FLEXCAN_Error_IRQHandler
                0x000032a0       0x30 ./SDK/platform/drivers/src/flexcan/flexcan_driver.o
                0x000032a0                FLEXCAN_Error_IRQHandler
 .text.FLEXCAN_WakeUpHandler
                0x000032d0       0x74 ./SDK/platform/drivers/src/flexcan/flexcan_driver.o
                0x000032d0                FLEXCAN_WakeUpHandler
 .text.FLEXCAN_IRQHandler
                0x00003344      0x1bc ./SDK/platform/drivers/src/flexcan/flexcan_driver.o
                0x00003344                FLEXCAN_IRQHandler
 .text.FLEXCAN_DRV_GetTransferStatus
                0x00003500       0x2c ./SDK/platform/drivers/src/flexcan/flexcan_driver.o
                0x00003500                FLEXCAN_DRV_GetTransferStatus
 .text.FLEXCAN_DRV_AbortTransfer
                0x0000352c      0x14c ./SDK/platform/drivers/src/flexcan/flexcan_driver.o
                0x0000352c                FLEXCAN_DRV_AbortTransfer
 .text.FLEXCAN_DRV_InstallEventCallback
                0x00003678       0x1c ./SDK/platform/drivers/src/flexcan/flexcan_driver.o
                0x00003678                FLEXCAN_DRV_InstallEventCallback
 .text.FLEXCAN_ComputePayloadSize
                0x00003694       0x36 ./SDK/platform/drivers/src/flexcan/flexcan_hw_access.o
 *fill*         0x000036ca        0x2 
 .text.FLEXCAN_GetMaxMbNum
                0x000036cc       0x2c ./SDK/platform/drivers/src/flexcan/flexcan_hw_access.o
                0x000036cc                FLEXCAN_GetMaxMbNum
 .text.FLEXCAN_Enable
                0x000036f8       0x2a ./SDK/platform/drivers/src/flexcan/flexcan_hw_access.o
                0x000036f8                FLEXCAN_Enable
 .text.FLEXCAN_Disable
                0x00003722       0x18 ./SDK/platform/drivers/src/flexcan/flexcan_hw_access.o
                0x00003722                FLEXCAN_Disable
 *fill*         0x0000373a        0x2 
 .text.FLEXCAN_Init
                0x0000373c       0x68 ./SDK/platform/drivers/src/flexcan/flexcan_hw_access.o
                0x0000373c                FLEXCAN_Init
 .text.FLEXCAN_EnableRxFifo
                0x000037a4       0x54 ./SDK/platform/drivers/src/flexcan/flexcan_hw_access.o
                0x000037a4                FLEXCAN_EnableRxFifo
 .text.FLEXCAN_SetMsgBuffIntCmd
                0x000037f8       0x3c ./SDK/platform/drivers/src/flexcan/flexcan_hw_access.o
                0x000037f8                FLEXCAN_SetMsgBuffIntCmd
 .text.FLEXCAN_ExitFreezeMode
                0x00003834       0x1a ./SDK/platform/drivers/src/flexcan/flexcan_hw_access.o
                0x00003834                FLEXCAN_ExitFreezeMode
 .text.FLEXCAN_EnterFreezeMode
                0x0000384e       0x40 ./SDK/platform/drivers/src/flexcan/flexcan_hw_access.o
                0x0000384e                FLEXCAN_EnterFreezeMode
 *fill*         0x0000388e        0x2 
 .text.FLEXCAN_ClearErrIntStatusFlag
                0x00003890       0x14 ./SDK/platform/drivers/src/flexcan/flexcan_hw_access.o
                0x00003890                FLEXCAN_ClearErrIntStatusFlag
 .text.FLEXCAN_ReadRxFifo
                0x000038a4       0x56 ./SDK/platform/drivers/src/flexcan/flexcan_hw_access.o
                0x000038a4                FLEXCAN_ReadRxFifo
 .text.FLEXCAN_SetOperationMode
                0x000038fa       0x5e ./SDK/platform/drivers/src/flexcan/flexcan_hw_access.o
                0x000038fa                FLEXCAN_SetOperationMode
 .text.FLEXCAN_SetPayloadSize
                0x00003958       0x30 ./SDK/platform/drivers/src/flexcan/flexcan_hw_access.o
                0x00003958                FLEXCAN_SetPayloadSize
 .text.FLEXCAN_GetPayloadSize
                0x00003988       0x20 ./SDK/platform/drivers/src/flexcan/flexcan_hw_access.o
                0x00003988                FLEXCAN_GetPayloadSize
 .text.FLEXCAN_GetMsgBuffRegion
                0x000039a8       0x30 ./SDK/platform/drivers/src/flexcan/flexcan_hw_access.o
                0x000039a8                FLEXCAN_GetMsgBuffRegion
 .text.FLEXCAN_AbortTxMsgBuff
                0x000039d8       0x14 ./SDK/platform/drivers/src/flexcan/flexcan_hw_access.o
                0x000039d8                FLEXCAN_AbortTxMsgBuff
 .text.FLEXCAN_ResetRxMsgBuff
                0x000039ec       0x16 ./SDK/platform/drivers/src/flexcan/flexcan_hw_access.o
                0x000039ec                FLEXCAN_ResetRxMsgBuff
 *fill*         0x00003a02        0x2 
 .text.FLEXCAN_SetRxMsgBuff
                0x00003a04       0xcc ./SDK/platform/drivers/src/flexcan/flexcan_hw_access.o
                0x00003a04                FLEXCAN_SetRxMsgBuff
 .text.FLEXCAN_GetMsgBuff
                0x00003ad0       0xa8 ./SDK/platform/drivers/src/flexcan/flexcan_hw_access.o
                0x00003ad0                FLEXCAN_GetMsgBuff
 .text.FLEXCAN_LockRxMsgBuff
                0x00003b78        0xa ./SDK/platform/drivers/src/flexcan/flexcan_hw_access.o
                0x00003b78                FLEXCAN_LockRxMsgBuff
 *fill*         0x00003b82        0x2 
 .text.FLEXCAN_SetTxMsgBuff
                0x00003b84      0x198 ./SDK/platform/drivers/src/flexcan/flexcan_hw_access.o
                0x00003b84                FLEXCAN_SetTxMsgBuff
 .text.FLEXCAN_SetMaxMsgBuffNum
                0x00003d1c       0xaa ./SDK/platform/drivers/src/flexcan/flexcan_hw_access.o
                0x00003d1c                FLEXCAN_SetMaxMsgBuffNum
 .text.CAN0_ORed_IRQHandler
                0x00003dc6        0xa ./SDK/platform/drivers/src/flexcan/flexcan_irq.o
                0x00003dc6                CAN0_ORed_IRQHandler
 .text.CAN0_Error_IRQHandler
                0x00003dd0        0xa ./SDK/platform/drivers/src/flexcan/flexcan_irq.o
                0x00003dd0                CAN0_Error_IRQHandler
 .text.CAN0_Wake_Up_IRQHandler
                0x00003dda        0xa ./SDK/platform/drivers/src/flexcan/flexcan_irq.o
                0x00003dda                CAN0_Wake_Up_IRQHandler
 .text.CAN0_ORed_0_15_MB_IRQHandler
                0x00003de4        0xa ./SDK/platform/drivers/src/flexcan/flexcan_irq.o
                0x00003de4                CAN0_ORed_0_15_MB_IRQHandler
 .text.CAN0_ORed_16_31_MB_IRQHandler
                0x00003dee        0xa ./SDK/platform/drivers/src/flexcan/flexcan_irq.o
                0x00003dee                CAN0_ORed_16_31_MB_IRQHandler
 .text.CAN1_ORed_IRQHandler
                0x00003df8        0xa ./SDK/platform/drivers/src/flexcan/flexcan_irq.o
                0x00003df8                CAN1_ORed_IRQHandler
 .text.CAN1_Error_IRQHandler
                0x00003e02        0xa ./SDK/platform/drivers/src/flexcan/flexcan_irq.o
                0x00003e02                CAN1_Error_IRQHandler
 .text.CAN1_ORed_0_15_MB_IRQHandler
                0x00003e0c        0xa ./SDK/platform/drivers/src/flexcan/flexcan_irq.o
                0x00003e0c                CAN1_ORed_0_15_MB_IRQHandler
 .text.CAN2_ORed_IRQHandler
                0x00003e16        0xa ./SDK/platform/drivers/src/flexcan/flexcan_irq.o
                0x00003e16                CAN2_ORed_IRQHandler
 .text.CAN2_Error_IRQHandler
                0x00003e20        0xa ./SDK/platform/drivers/src/flexcan/flexcan_irq.o
                0x00003e20                CAN2_Error_IRQHandler
 .text.CAN2_ORed_0_15_MB_IRQHandler
                0x00003e2a        0xa ./SDK/platform/drivers/src/flexcan/flexcan_irq.o
                0x00003e2a                CAN2_ORed_0_15_MB_IRQHandler
 .text.FTM_DRV_SetSync
                0x00003e34      0x1c8 ./SDK/platform/drivers/src/ftm/ftm_common.o
                0x00003e34                FTM_DRV_SetSync
 .text.FTM_DRV_GetFrequency
                0x00003ffc       0x90 ./SDK/platform/drivers/src/ftm/ftm_common.o
                0x00003ffc                FTM_DRV_GetFrequency
 .text.FTM_DRV_Init
                0x0000408c      0x104 ./SDK/platform/drivers/src/ftm/ftm_common.o
                0x0000408c                FTM_DRV_Init
 .text.FTM_DRV_ConvertFreqToPeriodTicks
                0x00004190       0x24 ./SDK/platform/drivers/src/ftm/ftm_common.o
                0x00004190                FTM_DRV_ConvertFreqToPeriodTicks
 .text.FTM_DRV_InitModule
                0x000041b4       0x18 ./SDK/platform/drivers/src/ftm/ftm_hw_access.o
                0x000041b4                FTM_DRV_InitModule
 .text.FTM_DRV_Reset
                0x000041cc       0x66 ./SDK/platform/drivers/src/ftm/ftm_hw_access.o
                0x000041cc                FTM_DRV_Reset
 .text.FTM_DRV_SetChnTriggerCmd
                0x00004232       0x36 ./SDK/platform/drivers/src/ftm/ftm_hw_access.o
                0x00004232                FTM_DRV_SetChnTriggerCmd
 .text.FTM_DRV_UpdatePwmChannel
                0x00004268      0x17c ./SDK/platform/drivers/src/ftm/ftm_pwm_driver.o
                0x00004268                FTM_DRV_UpdatePwmChannel
 .text.FTM_DRV_InitPwm
                0x000043e4      0x838 ./SDK/platform/drivers/src/ftm/ftm_pwm_driver.o
                0x000043e4                FTM_DRV_InitPwm
 .text.INT_SYS_InstallHandler
                0x00004c1c       0x48 ./SDK/platform/drivers/src/interrupt/interrupt_manager.o
                0x00004c1c                INT_SYS_InstallHandler
 .text.INT_SYS_EnableIRQ
                0x00004c64       0x28 ./SDK/platform/drivers/src/interrupt/interrupt_manager.o
                0x00004c64                INT_SYS_EnableIRQ
 .text.INT_SYS_DisableIRQ
                0x00004c8c       0x2c ./SDK/platform/drivers/src/interrupt/interrupt_manager.o
                0x00004c8c                INT_SYS_DisableIRQ
 .text.INT_SYS_EnableIRQGlobal
                0x00004cb8       0x1c ./SDK/platform/drivers/src/interrupt/interrupt_manager.o
                0x00004cb8                INT_SYS_EnableIRQGlobal
 .text.INT_SYS_DisableIRQGlobal
                0x00004cd4       0x10 ./SDK/platform/drivers/src/interrupt/interrupt_manager.o
                0x00004cd4                INT_SYS_DisableIRQGlobal
 .text.LPIT_DRV_Init
                0x00004ce4       0xcc ./SDK/platform/drivers/src/lpit/lpit_driver.o
                0x00004ce4                LPIT_DRV_Init
 .text.LPIT_DRV_StartTimerChannels
                0x00004db0       0x1c ./SDK/platform/drivers/src/lpit/lpit_driver.o
                0x00004db0                LPIT_DRV_StartTimerChannels
 .text.LPIT_DRV_SetTimerPeriodByUs
                0x00004dcc       0xc8 ./SDK/platform/drivers/src/lpit/lpit_driver.o
                0x00004dcc                LPIT_DRV_SetTimerPeriodByUs
 .text.LPIT_DRV_SetTimerPeriodByCount
                0x00004e94       0x1c ./SDK/platform/drivers/src/lpit/lpit_driver.o
                0x00004e94                LPIT_DRV_SetTimerPeriodByCount
 .text.LPIT_DRV_InitChannel
                0x00004eb0      0x19c ./SDK/platform/drivers/src/lpit/lpit_driver.o
                0x00004eb0                LPIT_DRV_InitChannel
 .text.LPIT_DRV_ClearInterruptFlagTimerChannels
                0x0000504c       0x1c ./SDK/platform/drivers/src/lpit/lpit_driver.o
                0x0000504c                LPIT_DRV_ClearInterruptFlagTimerChannels
 .text.LPSPI_Init
                0x00005068        0xa ./SDK/platform/drivers/src/lpspi/lpspi_hw_access.o
                0x00005068                LPSPI_Init
 .text.LPSPI_Disable
                0x00005072       0x18 ./SDK/platform/drivers/src/lpspi/lpspi_hw_access.o
                0x00005072                LPSPI_Disable
 .text.LPSPI_SetMasterSlaveMode
                0x0000508a        0xe ./SDK/platform/drivers/src/lpspi/lpspi_hw_access.o
                0x0000508a                LPSPI_SetMasterSlaveMode
 .text.LPSPI_SetFlushFifoCmd
                0x00005098        0xe ./SDK/platform/drivers/src/lpspi/lpspi_hw_access.o
                0x00005098                LPSPI_SetFlushFifoCmd
 .text.LPSPI_ClearStatusFlag
                0x000050a6       0x20 ./SDK/platform/drivers/src/lpspi/lpspi_hw_access.o
                0x000050a6                LPSPI_ClearStatusFlag
 .text.LPSPI_SetPcsPolarityMode
                0x000050c6       0x1c ./SDK/platform/drivers/src/lpspi/lpspi_hw_access.o
                0x000050c6                LPSPI_SetPcsPolarityMode
 .text.LPSPI_SetPinConfigMode
                0x000050e2       0x22 ./SDK/platform/drivers/src/lpspi/lpspi_hw_access.o
                0x000050e2                LPSPI_SetPinConfigMode
 .text.LPSPI_SetBaudRateDivisor
                0x00005104       0x10 ./SDK/platform/drivers/src/lpspi/lpspi_hw_access.o
                0x00005104                LPSPI_SetBaudRateDivisor
 .text.LPSPI_SetBaudRate
                0x00005114      0x108 ./SDK/platform/drivers/src/lpspi/lpspi_hw_access.o
                0x00005114                LPSPI_SetBaudRate
 .text.LPSPI_SetTxCommandReg
                0x0000521c       0x4a ./SDK/platform/drivers/src/lpspi/lpspi_hw_access.o
                0x0000521c                LPSPI_SetTxCommandReg
 .text.LPSPI_SetPcs
                0x00005266        0xe ./SDK/platform/drivers/src/lpspi/lpspi_hw_access.o
                0x00005266                LPSPI_SetPcs
 .text.LPSPI0_IRQHandler
                0x00005274        0xa ./SDK/platform/drivers/src/lpspi/lpspi_irq.o
                0x00005274                LPSPI0_IRQHandler
 .text.LPSPI1_IRQHandler
                0x0000527e        0xa ./SDK/platform/drivers/src/lpspi/lpspi_irq.o
                0x0000527e                LPSPI1_IRQHandler
 .text.LPSPI2_IRQHandler
                0x00005288        0xa ./SDK/platform/drivers/src/lpspi/lpspi_irq.o
                0x00005288                LPSPI2_IRQHandler
 *fill*         0x00005292        0x2 
 .text.LPSPI_DRV_MasterStartTransfer
                0x00005294      0x1f4 ./SDK/platform/drivers/src/lpspi/lpspi_master_driver.o
 .text.LPSPI_DRV_MasterCompleteTransfer
                0x00005488       0x78 ./SDK/platform/drivers/src/lpspi/lpspi_master_driver.o
 .text.LPSPI_DRV_MasterConfigureBus
                0x00005500      0x12c ./SDK/platform/drivers/src/lpspi/lpspi_master_driver.o
                0x00005500                LPSPI_DRV_MasterConfigureBus
 .text.LPSPI_DRV_MasterInit
                0x0000562c       0x98 ./SDK/platform/drivers/src/lpspi/lpspi_master_driver.o
                0x0000562c                LPSPI_DRV_MasterInit
 .text.LPSPI_DRV_MasterTransfer
                0x000056c4       0x28 ./SDK/platform/drivers/src/lpspi/lpspi_master_driver.o
                0x000056c4                LPSPI_DRV_MasterTransfer
 .text.LPSPI_DRV_MasterGetTransferStatus
                0x000056ec       0x38 ./SDK/platform/drivers/src/lpspi/lpspi_master_driver.o
                0x000056ec                LPSPI_DRV_MasterGetTransferStatus
 .text.LPSPI_DRV_MasterAbortTransfer
                0x00005724       0x40 ./SDK/platform/drivers/src/lpspi/lpspi_master_driver.o
                0x00005724                LPSPI_DRV_MasterAbortTransfer
 .text.LPSPI_DRV_MasterCompleteDMATransfer
                0x00005764       0x44 ./SDK/platform/drivers/src/lpspi/lpspi_master_driver.o
 .text.LPSPI_DRV_MasterCompleteRX
                0x000057a8       0x20 ./SDK/platform/drivers/src/lpspi/lpspi_master_driver.o
 .text.LPSPI_DRV_SetPcs
                0x000057c8       0x64 ./SDK/platform/drivers/src/lpspi/lpspi_master_driver.o
                0x000057c8                LPSPI_DRV_SetPcs
 .text.LPSPI_DRV_MasterIRQHandler
                0x0000582c       0xb4 ./SDK/platform/drivers/src/lpspi/lpspi_master_driver.o
                0x0000582c                LPSPI_DRV_MasterIRQHandler
 .text.LPSPI_DRV_IRQHandler
                0x000058e0       0x28 ./SDK/platform/drivers/src/lpspi/lpspi_shared_function.o
                0x000058e0                LPSPI_DRV_IRQHandler
 .text.LPSPI_DRV_FillupTxBuffer
                0x00005908       0xb4 ./SDK/platform/drivers/src/lpspi/lpspi_shared_function.o
                0x00005908                LPSPI_DRV_FillupTxBuffer
 .text.LPSPI_DRV_ReadRXBuffer
                0x000059bc       0x8c ./SDK/platform/drivers/src/lpspi/lpspi_shared_function.o
                0x000059bc                LPSPI_DRV_ReadRXBuffer
 .text.LPSPI_DRV_DisableTEIEInterrupts
                0x00005a48       0x30 ./SDK/platform/drivers/src/lpspi/lpspi_shared_function.o
                0x00005a48                LPSPI_DRV_DisableTEIEInterrupts
 .text.LPSPI_DRV_SlaveAbortTransfer
                0x00005a78       0x80 ./SDK/platform/drivers/src/lpspi/lpspi_slave_driver.o
                0x00005a78                LPSPI_DRV_SlaveAbortTransfer
 .text.LPSPI_DRV_SlaveIRQHandler
                0x00005af8       0xd4 ./SDK/platform/drivers/src/lpspi/lpspi_slave_driver.o
                0x00005af8                LPSPI_DRV_SlaveIRQHandler
 .text.LPUART_DRV_StartSendDataUsingInt
                0x00005bcc       0x7c ./SDK/platform/drivers/src/lpuart/lpuart_driver.o
 .text.LPUART_DRV_StartSendDataUsingDma
                0x00005c48       0x94 ./SDK/platform/drivers/src/lpuart/lpuart_driver.o
 .text.LPUART_DRV_CompleteSendDataUsingInt
                0x00005cdc       0x6c ./SDK/platform/drivers/src/lpuart/lpuart_driver.o
 .text.LPUART_DRV_StopTxDma
                0x00005d48       0x64 ./SDK/platform/drivers/src/lpuart/lpuart_driver.o
 .text.LPUART_DRV_TxDmaCallback
                0x00005dac       0x74 ./SDK/platform/drivers/src/lpuart/lpuart_driver.o
 .text.LPUART_DRV_PutData
                0x00005e20       0x44 ./SDK/platform/drivers/src/lpuart/lpuart_driver.o
 .text.LPUART_DRV_StartReceiveDataUsingInt
                0x00005e64       0x84 ./SDK/platform/drivers/src/lpuart/lpuart_driver.o
 .text.LPUART_DRV_StartReceiveDataUsingDma
                0x00005ee8       0xa8 ./SDK/platform/drivers/src/lpuart/lpuart_driver.o
 .text.LPUART_DRV_CompleteReceiveDataUsingInt
                0x00005f90       0x68 ./SDK/platform/drivers/src/lpuart/lpuart_driver.o
 .text.LPUART_DRV_StopRxDma
                0x00005ff8       0x64 ./SDK/platform/drivers/src/lpuart/lpuart_driver.o
 .text.LPUART_DRV_RxDmaCallback
                0x0000605c       0xa4 ./SDK/platform/drivers/src/lpuart/lpuart_driver.o
 .text.LPUART_DRV_GetData
                0x00006100       0x60 ./SDK/platform/drivers/src/lpuart/lpuart_driver.o
 .text.LPUART_DRV_InstallRxCallback
                0x00006160       0x1c ./SDK/platform/drivers/src/lpuart/lpuart_driver.o
                0x00006160                LPUART_DRV_InstallRxCallback
 .text.LPUART_DRV_SendData
                0x0000617c       0x3c ./SDK/platform/drivers/src/lpuart/lpuart_driver.o
                0x0000617c                LPUART_DRV_SendData
 .text.LPUART_DRV_GetTransmitStatus
                0x000061b8       0x40 ./SDK/platform/drivers/src/lpuart/lpuart_driver.o
                0x000061b8                LPUART_DRV_GetTransmitStatus
 .text.LPUART_DRV_ReceiveData
                0x000061f8       0x3c ./SDK/platform/drivers/src/lpuart/lpuart_driver.o
                0x000061f8                LPUART_DRV_ReceiveData
 .text.LPUART_DRV_SetBaudRate
                0x00006234       0xf0 ./SDK/platform/drivers/src/lpuart/lpuart_driver.o
                0x00006234                LPUART_DRV_SetBaudRate
 .text.LPUART_DRV_Init
                0x00006324      0x138 ./SDK/platform/drivers/src/lpuart/lpuart_driver.o
                0x00006324                LPUART_DRV_Init
 .text.LPUART_DRV_SetRxBuffer
                0x0000645c       0x28 ./SDK/platform/drivers/src/lpuart/lpuart_driver.o
                0x0000645c                LPUART_DRV_SetRxBuffer
 .text.LPUART_DRV_IRQHandler
                0x00006484      0x288 ./SDK/platform/drivers/src/lpuart/lpuart_driver.o
                0x00006484                LPUART_DRV_IRQHandler
 .text.LPUART_Init
                0x0000670c       0x24 ./SDK/platform/drivers/src/lpuart/lpuart_hw_access.o
                0x0000670c                LPUART_Init
 .text.LPUART_SetBitCountPerChar
                0x00006730       0x30 ./SDK/platform/drivers/src/lpuart/lpuart_hw_access.o
                0x00006730                LPUART_SetBitCountPerChar
 .text.LPUART_SetParityMode
                0x00006760       0x1e ./SDK/platform/drivers/src/lpuart/lpuart_hw_access.o
                0x00006760                LPUART_SetParityMode
 .text.LPUART_Putchar9
                0x0000677e       0x16 ./SDK/platform/drivers/src/lpuart/lpuart_hw_access.o
                0x0000677e                LPUART_Putchar9
 .text.LPUART_Putchar10
                0x00006794       0x22 ./SDK/platform/drivers/src/lpuart/lpuart_hw_access.o
                0x00006794                LPUART_Putchar10
 .text.LPUART_Getchar9
                0x000067b6       0x1e ./SDK/platform/drivers/src/lpuart/lpuart_hw_access.o
                0x000067b6                LPUART_Getchar9
 .text.LPUART_Getchar10
                0x000067d4       0x26 ./SDK/platform/drivers/src/lpuart/lpuart_hw_access.o
                0x000067d4                LPUART_Getchar10
 .text.LPUART_SetIntMode
                0x000067fa       0x70 ./SDK/platform/drivers/src/lpuart/lpuart_hw_access.o
                0x000067fa                LPUART_SetIntMode
 .text.LPUART_GetIntMode
                0x0000686a       0x4a ./SDK/platform/drivers/src/lpuart/lpuart_hw_access.o
                0x0000686a                LPUART_GetIntMode
 .text.LPUART_GetStatusFlag
                0x000068b4       0x48 ./SDK/platform/drivers/src/lpuart/lpuart_hw_access.o
                0x000068b4                LPUART_GetStatusFlag
 .text.LPUART_SetErrorInterrupts
                0x000068fc       0x40 ./SDK/platform/drivers/src/lpuart/lpuart_hw_access.o
                0x000068fc                LPUART_SetErrorInterrupts
 .text.LPUART0_IrqHandler
                0x0000693c        0xa ./SDK/platform/drivers/src/lpuart/lpuart_irq.o
                0x0000693c                LPUART0_IrqHandler
 .text.LPUART1_IrqHandler
                0x00006946        0xa ./SDK/platform/drivers/src/lpuart/lpuart_irq.o
                0x00006946                LPUART1_IrqHandler
 .text.LPUART2_IrqHandler
                0x00006950        0xa ./SDK/platform/drivers/src/lpuart/lpuart_irq.o
                0x00006950                LPUART2_IrqHandler
 .text.PINS_DRV_Init
                0x0000695a       0x20 ./SDK/platform/drivers/src/pins/pins_driver.o
                0x0000695a                PINS_DRV_Init
 .text.PINS_DRV_SetPinIntSel
                0x0000697a       0x20 ./SDK/platform/drivers/src/pins/pins_driver.o
                0x0000697a                PINS_DRV_SetPinIntSel
 .text.PINS_DRV_ClearPinIntFlagCmd
                0x0000699a       0x16 ./SDK/platform/drivers/src/pins/pins_driver.o
                0x0000699a                PINS_DRV_ClearPinIntFlagCmd
 .text.PINS_DRV_WritePin
                0x000069b0       0x18 ./SDK/platform/drivers/src/pins/pins_driver.o
                0x000069b0                PINS_DRV_WritePin
 .text.PINS_DRV_GetPinsOutput
                0x000069c8        0x4 ./SDK/platform/drivers/src/pins/pins_driver.o
                0x000069c8                PINS_DRV_GetPinsOutput
 .text.PINS_DRV_SetPins
                0x000069cc        0x4 ./SDK/platform/drivers/src/pins/pins_driver.o
                0x000069cc                PINS_DRV_SetPins
 .text.PINS_DRV_ClearPins
                0x000069d0        0x4 ./SDK/platform/drivers/src/pins/pins_driver.o
                0x000069d0                PINS_DRV_ClearPins
 .text.PINS_DRV_TogglePins
                0x000069d4        0x4 ./SDK/platform/drivers/src/pins/pins_driver.o
                0x000069d4                PINS_DRV_TogglePins
 .text.PINS_DRV_ReadPins
                0x000069d8        0x4 ./SDK/platform/drivers/src/pins/pins_driver.o
                0x000069d8                PINS_DRV_ReadPins
 .text.PINS_GetAdcInterleaveVal
                0x000069dc       0x70 ./SDK/platform/drivers/src/pins/pins_port_hw_access.o
 .text.PINS_Init
                0x00006a4c      0x138 ./SDK/platform/drivers/src/pins/pins_port_hw_access.o
                0x00006a4c                PINS_Init
 .text.SysTick_Handler
                0x00006b84       0x10 ./SDK/rtos/osif/osif_baremetal.o
                0x00006b84                SysTick_Handler
 .text.OSIF_SemaPost
                0x00006b94       0x2c ./SDK/rtos/osif/osif_baremetal.o
                0x00006b94                OSIF_SemaPost
 .text.OSIF_SemaCreate
                0x00006bc0       0x1a ./SDK/rtos/osif/osif_baremetal.o
                0x00006bc0                OSIF_SemaCreate
 .text.OSIF_SemaDestroy
                0x00006bda        0xa ./SDK/rtos/osif/osif_baremetal.o
                0x00006bda                OSIF_SemaDestroy
 .text.uartRXCallback
                0x00006be4       0x98 ./Sources/main.o
                0x00006be4                uartRXCallback
 .text.Brake_AutoManualISR
                0x00006c7c       0x44 ./Sources/main.o
                0x00006c7c                Brake_AutoManualISR
 .text.ACC_AutoManualISR
                0x00006cc0       0x44 ./Sources/main.o
                0x00006cc0                ACC_AutoManualISR
 .text.LPIT_ISR_1s
                0x00006d04       0x20 ./Sources/main.o
                0x00006d04                LPIT_ISR_1s
 .text.LPIT_ISR_2s
                0x00006d24        0xc ./Sources/main.o
                0x00006d24                LPIT_ISR_2s
 .text.LPIT_ISR_500ms
                0x00006d30       0x1c ./Sources/main.o
                0x00006d30                LPIT_ISR_500ms
 .text.BoardInit
                0x00006d4c       0x1c ./Sources/main.o
                0x00006d4c                BoardInit
 .text.GPIOInit
                0x00006d68       0x7c ./Sources/main.o
                0x00006d68                GPIOInit
 .text.LPUARTInit
                0x00006de4       0x4c ./Sources/main.o
                0x00006de4                LPUARTInit
 .text.PWMInit  0x00006e30       0x40 ./Sources/main.o
                0x00006e30                PWMInit
 .text.FlexCANInit
                0x00006e70       0xe4 ./Sources/main.o
                0x00006e70                FlexCANInit
 .text.LPTMRInit
                0x00006f54       0xa0 ./Sources/main.o
                0x00006f54                LPTMRInit
 .text.SendCANDataCycleMb
                0x00006ff4      0x104 ./Sources/main.o
                0x00006ff4                SendCANDataCycleMb
 .text.UpdateSPI
                0x000070f8       0x40 ./Sources/main.o
                0x000070f8                UpdateSPI
 .text.LPSPInit
                0x00007138       0x44 ./Sources/main.o
                0x00007138                LPSPInit
 .text.AutoControl
                0x0000717c      0x248 ./Sources/main.o
                0x0000717c                AutoControl
 *fill*         0x000073c4        0x4 
 .text.processCAN0
                0x000073c8      0x474 ./Sources/main.o
                0x000073c8                processCAN0
 .text.CAN0receiveCallBack
                0x0000783c       0x1c ./Sources/main.o
                0x0000783c                CAN0receiveCallBack
 .text.processCAN1
                0x00007858      0x7d0 ./Sources/main.o
                0x00007858                processCAN1
 .text.CAN1receiveCallBack
                0x00008028       0x1c ./Sources/main.o
                0x00008028                CAN1receiveCallBack
 .text.processCAN2
                0x00008044      0x158 ./Sources/main.o
                0x00008044                processCAN2
 .text.CAN2receiveCallBack
                0x0000819c       0x1c ./Sources/main.o
                0x0000819c                CAN2receiveCallBack
 .text.sendUART_debug
                0x000081b8       0xf0 ./Sources/main.o
                0x000081b8                sendUART_debug
 .text.LPIT_ISR_50ms
                0x000082a8       0xc0 ./Sources/main.o
                0x000082a8                LPIT_ISR_50ms
 .text.main     0x00008368       0x60 ./Sources/main.o
                0x00008368                main
 *(.rodata)
 *(.rodata*)
 .rodata.canCom0_InitConfig0
                0x000083c8       0x38 ./Generated_Code/canCom0.o
                0x000083c8                canCom0_InitConfig0
 .rodata.canCom1_InitConfig0
                0x00008400       0x38 ./Generated_Code/canCom1.o
                0x00008400                canCom1_InitConfig0
 .rodata.canCom2_InitConfig0
                0x00008438       0x38 ./Generated_Code/canCom2.o
                0x00008438                canCom2_InitConfig0
 .rodata.lpit1_InitConfig
                0x00008470        0x2 ./Generated_Code/lpit1.o
                0x00008470                lpit1_InitConfig
 *fill*         0x00008472        0x2 
 .rodata.lpspiCom1_MasterConfig0
                0x00008474       0x20 ./Generated_Code/lpspiCom1.o
                0x00008474                lpspiCom1_MasterConfig0
 .rodata.lpuart1_InitConfig0
                0x00008494        0xc ./Generated_Code/lpuart1.o
                0x00008494                lpuart1_InitConfig0
 .rodata.clockNameMappings
                0x000084a0       0x9e ./SDK/platform/drivers/src/clock/S32K1xx/clock_S32K1xx.o
                0x000084a0                clockNameMappings
 *fill*         0x0000853e        0x2 
 .rodata.maxSysClksInHSRUN.7602
                0x00008540       0x54 ./SDK/platform/drivers/src/clock/S32K1xx/clock_S32K1xx.o
 .rodata.maxSysClksInRUN.7601
                0x00008594       0x54 ./SDK/platform/drivers/src/clock/S32K1xx/clock_S32K1xx.o
 .rodata.maxSysClksInVLPR.7600
                0x000085e8       0x54 ./SDK/platform/drivers/src/clock/S32K1xx/clock_S32K1xx.o
 .rodata.peripheralFeaturesList
                0x0000863c       0x4f ./SDK/platform/drivers/src/clock/S32K1xx/clock_S32K1xx.o
                0x0000863c                peripheralFeaturesList
 *fill*         0x0000868b        0x1 
 .rodata.g_flexcanBase
                0x0000868c        0xc ./SDK/platform/drivers/src/flexcan/flexcan_driver.o
 .rodata.g_flexcanBusOffIrqId
                0x00008698        0x3 ./SDK/platform/drivers/src/flexcan/flexcan_driver.o
 *fill*         0x0000869b        0x1 
 .rodata.g_flexcanErrorIrqId
                0x0000869c        0x3 ./SDK/platform/drivers/src/flexcan/flexcan_driver.o
 *fill*         0x0000869f        0x1 
 .rodata.g_flexcanOredMessageBufferIrqId
                0x000086a0        0x6 ./SDK/platform/drivers/src/flexcan/flexcan_driver.o
 *fill*         0x000086a6        0x2 
 .rodata.g_flexcanWakeUpIrqId
                0x000086a8        0x3 ./SDK/platform/drivers/src/flexcan/flexcan_driver.o
 *fill*         0x000086ab        0x1 
 .rodata.payload_code.7341
                0x000086ac       0x41 ./SDK/platform/drivers/src/flexcan/flexcan_hw_access.o
 *fill*         0x000086ed        0x3 
 .rodata.g_ftmBase
                0x000086f0       0x10 ./SDK/platform/drivers/src/ftm/ftm_common.o
                0x000086f0                g_ftmBase
 .rodata.g_ftmExtClockSel
                0x00008700        0x8 ./SDK/platform/drivers/src/ftm/ftm_common.o
 .rodata.g_ftmOverflowIrqId
                0x00008708        0x4 ./SDK/platform/drivers/src/ftm/ftm_common.o
                0x00008708                g_ftmOverflowIrqId
 .rodata.s_baudratePrescaler
                0x0000870c       0x20 ./SDK/platform/drivers/src/lpspi/lpspi_hw_access.o
 .rodata.s_lpuartBase
                0x0000872c        0xc ./SDK/platform/drivers/src/lpuart/lpuart_driver.o
 .rodata.s_lpuartClkNames
                0x00008738        0x3 ./SDK/platform/drivers/src/lpuart/lpuart_driver.o
 *fill*         0x0000873b        0x1 
 .rodata.s_lpuartRxTxIrqId
                0x0000873c        0x3 ./SDK/platform/drivers/src/lpuart/lpuart_driver.o
 *fill*         0x0000873f        0x1 
 .rodata.LPUARTInit.str1.4
                0x00008740       0x23 ./Sources/main.o
 *fill*         0x00008763        0x1 
 .rodata.processCAN0.str1.4
                0x00008764       0x2b ./Sources/main.o
 *fill*         0x0000878f        0x1 
 .rodata.processCAN1.str1.4
                0x00008790       0x17 ./Sources/main.o
 *fill*         0x000087a7        0x1 
 .rodata.sendUART_debug.str1.4
                0x000087a8       0x5f ./Sources/main.o
 *fill*         0x00008807        0x1 
 .rodata.uartRXCallback.str1.4
                0x00008808       0x28 ./Sources/main.o
                                 0x26 (size before relaxing)
 *(.init)
 .init          0x00008830        0x4 c:/nxp/s32ds_arm_v2.2/s32ds/build_tools/gcc_v6.3/gcc-6.3-arm32-eabi/bin/../lib/gcc/arm-none-eabi/6.3.1/thumb/v7e-m/fpv4-sp/hard/crti.o
                0x00008830                _init
 *(.fini)
 .fini          0x00008834        0x4 c:/nxp/s32ds_arm_v2.2/s32ds/build_tools/gcc_v6.3/gcc-6.3-arm32-eabi/bin/../lib/gcc/arm-none-eabi/6.3.1/thumb/v7e-m/fpv4-sp/hard/crti.o
                0x00008834                _fini
 *(.eh_frame)
                0x00008838                . = ALIGN (0x4)

.glue_7         0x00008838        0x0
 .glue_7        0x00008838        0x0 linker stubs

.glue_7t        0x00008838        0x0
 .glue_7t       0x00008838        0x0 linker stubs

.vfp11_veneer   0x00008838        0x0
 .vfp11_veneer  0x00008838        0x0 linker stubs

.v4_bx          0x00008838        0x0
 .v4_bx         0x00008838        0x0 linker stubs

.iplt           0x00008838        0x0
 .iplt          0x00008838        0x0 c:/nxp/s32ds_arm_v2.2/s32ds/build_tools/gcc_v6.3/gcc-6.3-arm32-eabi/bin/../lib/gcc/arm-none-eabi/6.3.1/thumb/v7e-m/fpv4-sp/hard/crtbegin.o

.ARM            0x00008838        0x8
                0x00008838                __exidx_start = .
 *(.ARM.exidx*)
 .ARM.exidx     0x00008838        0x8 c:/nxp/s32ds_arm_v2.2/s32ds/build_tools/gcc_v6.3/gcc-6.3-arm32-eabi/bin/../lib/gcc/arm-none-eabi/6.3.1/thumb/v7e-m/fpv4-sp/hard\libgcc.a(_udivmoddi4.o)
                0x00008840                __exidx_end = .
                0x00008840                __etext = .
                0x00008840                __DATA_ROM = .

.rel.dyn        0x00008840        0x0
 .rel.iplt      0x00008840        0x0 c:/nxp/s32ds_arm_v2.2/s32ds/build_tools/gcc_v6.3/gcc-6.3-arm32-eabi/bin/../lib/gcc/arm-none-eabi/6.3.1/thumb/v7e-m/fpv4-sp/hard/crtbegin.o

.interrupts_ram
                0x1fff8000      0x400
                0x1fff8000                . = ALIGN (0x4)
                0x1fff8000                __VECTOR_RAM__ = .
                0x1fff8000                __RAM_START = .
                0x1fff8000                __interrupts_ram_start__ = .
 *(.m_interrupts_ram)
                0x1fff8400                . = (. + M_VECTOR_RAM_SIZE)
 *fill*         0x1fff8000      0x400 
                0x1fff8400                . = ALIGN (0x4)
                0x1fff8400                __interrupts_ram_end__ = .
                0x1fff8000                __VECTOR_RAM = DEFINED (__flash_vector_table__)?ORIGIN (m_interrupts):__VECTOR_RAM__
                0x00000400                __RAM_VECTOR_TABLE_SIZE = DEFINED (__flash_vector_table__)?0x0:(__interrupts_ram_end__ - __interrupts_ram_start__)

.data           0x1fff8400      0x600 load address 0x00008840
                0x1fff8400                . = ALIGN (0x4)
                0x1fff8400                __DATA_RAM = .
                0x1fff8400                __data_start__ = .
 *(.data)
 *(.data*)
 .data.clockMan1_InitConfig0
                0x1fff8400       0x78 ./Generated_Code/clockMan1.o
                0x1fff8400                clockMan1_InitConfig0
 .data.peripheralClockConfig0
                0x1fff8478       0x78 ./Generated_Code/clockMan1.o
                0x1fff8478                peripheralClockConfig0
 .data.flexTimer_pwm1_IndependentChannelsConfig
                0x1fff84f0        0xa ./Generated_Code/flexTimer_pwm1.o
                0x1fff84f0                flexTimer_pwm1_IndependentChannelsConfig
 *fill*         0x1fff84fa        0x2 
 .data.flexTimer_pwm1_InitConfig
                0x1fff84fc       0x12 ./Generated_Code/flexTimer_pwm1.o
                0x1fff84fc                flexTimer_pwm1_InitConfig
 *fill*         0x1fff850e        0x2 
 .data.flexTimer_pwm1_PwmConfig
                0x1fff8510       0x18 ./Generated_Code/flexTimer_pwm1.o
                0x1fff8510                flexTimer_pwm1_PwmConfig
 .data.flexTimer_pwm2_IndependentChannelsConfig
                0x1fff8528        0xa ./Generated_Code/flexTimer_pwm2.o
                0x1fff8528                flexTimer_pwm2_IndependentChannelsConfig
 *fill*         0x1fff8532        0x2 
 .data.flexTimer_pwm2_InitConfig
                0x1fff8534       0x12 ./Generated_Code/flexTimer_pwm2.o
                0x1fff8534                flexTimer_pwm2_InitConfig
 *fill*         0x1fff8546        0x2 
 .data.flexTimer_pwm2_PwmConfig
                0x1fff8548       0x18 ./Generated_Code/flexTimer_pwm2.o
                0x1fff8548                flexTimer_pwm2_PwmConfig
 .data.lpit1_ChnConfig0
                0x1fff8560       0x18 ./Generated_Code/lpit1.o
                0x1fff8560                lpit1_ChnConfig0
 .data.lpit1_ChnConfig1
                0x1fff8578       0x18 ./Generated_Code/lpit1.o
                0x1fff8578                lpit1_ChnConfig1
 .data.lpit1_ChnConfig2
                0x1fff8590       0x18 ./Generated_Code/lpit1.o
                0x1fff8590                lpit1_ChnConfig2
 .data.lpit1_ChnConfig3
                0x1fff85a8       0x18 ./Generated_Code/lpit1.o
                0x1fff85a8                lpit1_ChnConfig3
 .data.g_pin_mux_InitConfigArr
                0x1fff85c0      0x2d0 ./Generated_Code/pin_mux.o
                0x1fff85c0                g_pin_mux_InitConfigArr
 .data.peripheralClockConfig.7364
                0x1fff8890       0xa0 ./SDK/platform/drivers/src/clock/S32K1xx/clock_S32K1xx.o
 .data.g_lpspiBase
                0x1fff8930        0xc ./SDK/platform/drivers/src/lpspi/lpspi_shared_function.o
                0x1fff8930                g_lpspiBase
 .data.g_lpspiIrqId
                0x1fff893c        0x3 ./SDK/platform/drivers/src/lpspi/lpspi_shared_function.o
                0x1fff893c                g_lpspiIrqId
 *fill*         0x1fff893f        0x1 
 .data.g_lpuartIsr
                0x1fff8940        0xc ./SDK/platform/drivers/src/lpuart/lpuart_irq.o
                0x1fff8940                g_lpuartIsr
 .data.AngleLimitN
                0x1fff894c        0x4 ./Sources/main.o
                0x1fff894c                AngleLimitN
 .data.AngleLimitP
                0x1fff8950        0x4 ./Sources/main.o
                0x1fff8950                AngleLimitP
 .data.CAN0_response
                0x1fff8954        0x1 ./Sources/main.o
                0x1fff8954                CAN0_response
 *fill*         0x1fff8955        0x3 
 .data.CntrlMsgID
                0x1fff8958        0x4 ./Sources/main.o
                0x1fff8958                CntrlMsgID
 .data.CycleAl  0x1fff895c        0x2 ./Sources/main.o
                0x1fff895c                CycleAl
 .data.CycleAu  0x1fff895e        0x2 ./Sources/main.o
                0x1fff895e                CycleAu
 .data.CycleBl  0x1fff8960        0x2 ./Sources/main.o
                0x1fff8960                CycleBl
 .data.CycleBu  0x1fff8962        0x2 ./Sources/main.o
                0x1fff8962                CycleBu
 .data.DebugMsg1
                0x1fff8964       0x1e ./Sources/main.o
                0x1fff8964                DebugMsg1
 *fill*         0x1fff8982        0x2 
 .data.DebugMsg2
                0x1fff8984       0x1e ./Sources/main.o
                0x1fff8984                DebugMsg2
 *fill*         0x1fff89a2        0x2 
 .data.DebugMsg3
                0x1fff89a4       0x1e ./Sources/main.o
                0x1fff89a4                DebugMsg3
 .data.OnesecondISR_Toggle
                0x1fff89c2        0x1 ./Sources/main.o
                0x1fff89c2                OnesecondISR_Toggle
 *fill*         0x1fff89c3        0x1 
 .data.StateMsgID
                0x1fff89c4        0x4 ./Sources/main.o
                0x1fff89c4                StateMsgID
 .data.TargetSteeringAngle
                0x1fff89c8        0x2 ./Sources/main.o
                0x1fff89c8                TargetSteeringAngle
 *fill*         0x1fff89ca        0x2 
 .data.accel_limit
                0x1fff89cc        0x4 ./Sources/main.o
                0x1fff89cc                accel_limit
 .data.dataInfo
                0x1fff89d0        0xc ./Sources/main.o
                0x1fff89d0                dataInfo
 .data.decel_limit
                0x1fff89dc        0x4 ./Sources/main.o
                0x1fff89dc                decel_limit
 .data.delta_t  0x1fff89e0        0x4 ./Sources/main.o
                0x1fff89e0                delta_t
 .data.manualFlag
                0x1fff89e4        0x1 ./Sources/main.o
                0x1fff89e4                manualFlag
 *fill*         0x1fff89e5        0x1 
 .data.preTSA   0x1fff89e6        0x2 ./Sources/main.o
                0x1fff89e6                preTSA
 .data.rateTSA_acc
                0x1fff89e8        0x2 ./Sources/main.o
                0x1fff89e8                rateTSA_acc
 .data.rateTSA_dec
                0x1fff89ea        0x2 ./Sources/main.o
                0x1fff89ea                rateTSA_dec
 .data.rateTSA_spd
                0x1fff89ec        0x2 ./Sources/main.o
                0x1fff89ec                rateTSA_spd
 *fill*         0x1fff89ee        0x2 
 .data.speed_limit
                0x1fff89f0        0x4 ./Sources/main.o
                0x1fff89f0                speed_limit
 .data.uart_debug
                0x1fff89f4        0x1 ./Sources/main.o
                0x1fff89f4                uart_debug
 *fill*         0x1fff89f5        0x1 
 .data.volAl    0x1fff89f6        0x2 ./Sources/main.o
                0x1fff89f6                volAl
 .data.volAu    0x1fff89f8        0x2 ./Sources/main.o
                0x1fff89f8                volAu
 .data.volBl    0x1fff89fa        0x2 ./Sources/main.o
                0x1fff89fa                volBl
 .data.volBu    0x1fff89fc        0x2 ./Sources/main.o
                0x1fff89fc                volBu
                0x1fff8a00                . = ALIGN (0x4)
 *fill*         0x1fff89fe        0x2 
                0x1fff8a00                __data_end__ = .
                0x00008e40                __DATA_END = (__DATA_ROM + (__data_end__ - __data_start__))
                0x00008e40                __CODE_ROM = __DATA_END

.igot.plt       0x1fff8a00        0x0 load address 0x00008e40
 .igot.plt      0x1fff8a00        0x0 c:/nxp/s32ds_arm_v2.2/s32ds/build_tools/gcc_v6.3/gcc-6.3-arm32-eabi/bin/../lib/gcc/arm-none-eabi/6.3.1/thumb/v7e-m/fpv4-sp/hard/crtbegin.o

.code           0x1fff8a00        0x0 load address 0x00008e40
                0x1fff8a00                . = ALIGN (0x4)
                0x1fff8a00                __CODE_RAM = .
                0x1fff8a00                __code_start__ = .
                0x1fff8a00                __code_ram_start__ = .
 *(.code_ram)
                0x1fff8a00                . = ALIGN (0x4)
                0x1fff8a00                __code_end__ = .
                0x1fff8a00                __code_ram_end__ = .
                0x00008e40                __CODE_END = (__CODE_ROM + (__code_end__ - __code_start__))
                0x00008e40                __CUSTOM_ROM = __CODE_END

.customSectionBlock
                0x20000000        0x0 load address 0x00008e40
                0x20000000                __customSection_start__ = .
 *(.customSection)
                0x20000000                __customSection_end__ = .
                0x00008e40                __CUSTOM_END = (__CUSTOM_ROM + (__customSection_end__ - __customSection_start__))

.bss            0x20000000      0x6f8
                0x20000000                . = ALIGN (0x4)
                0x20000000                __BSS_START = .
                0x20000000                __bss_start__ = .
 *(.bss)
 *(.bss*)
 .bss.flexTimer_pwm1_FaultConfig
                0x20000000       0x10 ./Generated_Code/flexTimer_pwm1.o
                0x20000000                flexTimer_pwm1_FaultConfig
 .bss.flexTimer_pwm2_FaultConfig
                0x20000010       0x10 ./Generated_Code/flexTimer_pwm2.o
                0x20000010                flexTimer_pwm2_FaultConfig
 .bss.s_virtEdmaState
                0x20000020        0x4 ./SDK/platform/drivers/src/edma/edma_driver.o
 .bss.g_flexcanStatePtr
                0x20000024        0xc ./SDK/platform/drivers/src/flexcan/flexcan_driver.o
 .bss.ftmStatePtr
                0x20000030       0x10 ./SDK/platform/drivers/src/ftm/ftm_common.o
                0x20000030                ftmStatePtr
 .bss.g_interruptDisableCount
                0x20000040        0x4 ./SDK/platform/drivers/src/interrupt/interrupt_manager.o
 .bss.s_lpitSourceClockFrequency
                0x20000044        0x4 ./SDK/platform/drivers/src/lpit/lpit_driver.o
 .bss.g_lpspiStatePtr
                0x20000048        0xc ./SDK/platform/drivers/src/lpspi/lpspi_shared_function.o
                0x20000048                g_lpspiStatePtr
 .bss.s_lpuartStatePtr
                0x20000054        0xc ./SDK/platform/drivers/src/lpuart/lpuart_driver.o
 .bss.s_osif_tick_cnt
                0x20000060        0x4 ./SDK/rtos/osif/osif_baremetal.o
 .bss.EnableTransition
                0x20000064        0x1 ./Sources/main.o
                0x20000064                EnableTransition
 .bss.GS_flag   0x20000065        0x1 ./Sources/main.o
                0x20000065                GS_flag
 .bss.R_accel   0x20000066        0x2 ./Sources/main.o
                0x20000066                R_accel
 .bss.R_angle   0x20000068        0x2 ./Sources/main.o
                0x20000068                R_angle
 *fill*         0x2000006a        0x2 
 .bss.R_brake_H
                0x2000006c        0x4 ./Sources/main.o
                0x2000006c                R_brake_H
 .bss.R_brake_L
                0x20000070        0x4 ./Sources/main.o
                0x20000070                R_brake_L
 .bss.R_shift   0x20000074        0x1 ./Sources/main.o
                0x20000074                R_shift
 *fill*         0x20000075        0x1 
 .bss.R_speed   0x20000076        0x2 ./Sources/main.o
                0x20000076                R_speed
 .bss.SteerByWire
                0x20000078        0x1 ./Sources/main.o
                0x20000078                SteerByWire
 .bss.TX_MAILBOX0
                0x20000079        0x1 ./Sources/main.o
                0x20000079                TX_MAILBOX0
 .bss.TX_MAILBOX1
                0x2000007a        0x1 ./Sources/main.o
                0x2000007a                TX_MAILBOX1
 .bss.TX_MAILBOX2
                0x2000007b        0x1 ./Sources/main.o
                0x2000007b                TX_MAILBOX2
 .bss.UARTCOUNT
                0x2000007c        0x1 ./Sources/main.o
                0x2000007c                UARTCOUNT
 .bss.accelActiv
                0x2000007d        0x1 ./Sources/main.o
                0x2000007d                accelActiv
 .bss.accelVol  0x2000007e        0x2 ./Sources/main.o
                0x2000007e                accelVol
 .bss.autoAccel
                0x20000080        0x1 ./Sources/main.o
                0x20000080                autoAccel
 .bss.autoBrake
                0x20000081        0x1 ./Sources/main.o
                0x20000081                autoBrake
 .bss.automaFlag
                0x20000082        0x1 ./Sources/main.o
                0x20000082                automaFlag
 .bss.brakeActiv
                0x20000083        0x1 ./Sources/main.o
                0x20000083                brakeActiv
 .bss.brakePWM  0x20000084        0x2 ./Sources/main.o
                0x20000084                brakePWM
 .bss.counterEN
                0x20000086        0x1 ./Sources/main.o
                0x20000086                counterEN
 .bss.dataReceived
                0x20000087        0x1 ./Sources/main.o
                0x20000087                dataReceived
 .bss.deltaTSA  0x20000088        0x2 ./Sources/main.o
                0x20000088                deltaTSA
 .bss.manualCmd
                0x2000008a        0x1 ./Sources/main.o
                0x2000008a                manualCmd
 *fill*         0x2000008b        0x1 
 .bss.pedalPressed
                0x2000008c        0x4 ./Sources/main.o
                0x2000008c                pedalPressed
 .bss.pwmNew    0x20000090        0x2 ./Sources/main.o
                0x20000090                pwmNew
 .bss.refreshSPI
                0x20000092        0x1 ./Sources/main.o
                0x20000092                refreshSPI
 *fill*         0x20000093        0x1 
 .bss.spd       0x20000094        0x2 ./Sources/main.o
                0x20000094                spd
 .bss.tem       0x20000096        0x2 ./Sources/main.o
                0x20000096                tem
 .bss.volNew    0x20000098        0x2 ./Sources/main.o
                0x20000098                volNew
 *(COMMON)
 *fill*         0x2000009a        0x2 
 COMMON         0x2000009c      0x114 ./Generated_Code/canCom0.o
                0x2000009c                canCom0_State
 COMMON         0x200001b0      0x114 ./Generated_Code/canCom1.o
                0x200001b0                canCom1_State
 COMMON         0x200002c4      0x114 ./Generated_Code/canCom2.o
                0x200002c4                canCom2_State
 COMMON         0x200003d8       0x34 ./Generated_Code/lpspiCom1.o
                0x200003d8                lpspiCom1State
 COMMON         0x2000040c       0x34 ./Generated_Code/lpuart1.o
                0x2000040c                lpuart1_State
 COMMON         0x20000440       0x14 ./SDK/platform/drivers/src/clock/S32K1xx/clock_S32K1xx.o
                0x20000440                g_xtal0ClkFreq
                0x20000444                g_RtcClkInFreq
                0x20000448                g_TClkFreq
 *fill*         0x20000454        0x4 
 COMMON         0x20000458      0x2a0 ./Sources/main.o
                0x20000458                dutyCycleB
                0x2000045c                disL_low_t
                0x20000460                deltaR
                0x20000464                rorRead
                0x20000466                CurrentSteeringAngle
                0x20000468                sendCAN1Buff
                0x2000047c                RxDATA
                0x20000484                j
                0x20000488                INT_Control_Angle
                0x2000048c                GearShiftM
                0x20000490                disR_h
                0x20000498                Testing
                0x200004a0                disR
                0x200004a4                RxL_n
                0x200004a5                CounterRead
                0x200004a6                newCS
                0x200004a8                RxID
                0x200004ac                to16Buf
                0x200004ae                RxLH
                0x200004b0                disL_h
                0x200004b4                GearShift
                0x200004b8                RxLENGTH
                0x200004bc                disL_low_p
                0x200004c0                CounterReadH
                0x200004c1                UART_MSG_Clear
                0x200004c4                deltaL
                0x200004c8                GearCSOri
                0x200004cc                bytesRemaining
                0x200004d0                uart_bufferIdx
                0x200004d1                GearShiftRead
                0x200004d2                delta_L
                0x200004d4                RxL
                0x200004d8                disL_low
                0x200004dc                uart_buffer
                0x200005dc                recvBuff
                0x200005f0                delta_H
                0x200005f2                voltageB
                0x200005f4                disR_low
                0x200005f8                SteeringControlStatus
                0x200005f9                UART_STATUS_OPEN
                0x200005fa                Node
                0x200005fc                RxE
                0x20000600                sendCAN2Buff
                0x20000614                recvCAN2Buff
                0x20000628                CounterReadL
                0x2000062c                ftmStateStruct
                0x2000068c                dutyCycleA
                0x2000068e                checks
                0x20000690                disR_low_t
                0x20000694                Error
                0x20000698                recvCAN1Buff
                0x200006ac                speed
                0x200006b0                master_buffer
                0x200006b8                dummy
                0x200006bc                ControlAngle
                0x200006c0                voltageA
                0x200006c2                GearCS
                0x200006c4                slave_buffer
                0x200006cc                RxH
                0x200006d0                disR_low_p
                0x200006d4                RxH_n
                0x200006d8                disL
                0x200006dc                RxTIMESTAMP
                0x200006e0                area
                0x200006e4                sendBuff
                0x200006f8                . = ALIGN (0x4)
                0x200006f8                __bss_end__ = .
                0x200006f8                __BSS_END = .

.heap           0x200006f8      0x400
                0x200006f8                . = ALIGN (0x8)
                0x200006f8                __end__ = .
                0x200006f8                __heap_start__ = .
                [!provide]                PROVIDE (end, .)
                [!provide]                PROVIDE (_end, .)
                [!provide]                PROVIDE (__end, .)
                0x200006f8                __HeapBase = .
                0x20000af8                . = (. + HEAP_SIZE)
 *fill*         0x200006f8      0x400 
                0x20000af8                __HeapLimit = .
                0x20000af8                __heap_limit = .
                0x20000af8                __heap_end__ = .
                0x20007000                __StackTop = (ORIGIN (m_data_2) + LENGTH (m_data_2))
                0x20006c00                __StackLimit = (__StackTop - STACK_SIZE)
                0x20007000                PROVIDE (__stack, __StackTop)
                0x20007000                __RAM_END = __StackTop

.stack          0x20006c00      0x400
                0x20006c00                . = ALIGN (0x8)
                0x20006c00                __stack_start__ = .
                0x20007000                . = (. + STACK_SIZE)
 *fill*         0x20006c00      0x400 
                0x20007000                __stack_end__ = .

.ARM.attributes
                0x00000000       0x30
 *(.ARM.attributes)
 .ARM.attributes
                0x00000000       0x22 c:/nxp/s32ds_arm_v2.2/s32ds/build_tools/gcc_v6.3/gcc-6.3-arm32-eabi/bin/../lib/gcc/arm-none-eabi/6.3.1/thumb/v7e-m/fpv4-sp/hard/crti.o
 .ARM.attributes
                0x00000022       0x39 ./Generated_Code/canCom0.o
 .ARM.attributes
                0x0000005b       0x39 ./Generated_Code/canCom1.o
 .ARM.attributes
                0x00000094       0x39 ./Generated_Code/canCom2.o
 .ARM.attributes
                0x000000cd       0x39 ./Generated_Code/clockMan1.o
 .ARM.attributes
                0x00000106       0x39 ./Generated_Code/flexTimer_pwm1.o
 .ARM.attributes
                0x0000013f       0x39 ./Generated_Code/flexTimer_pwm2.o
 .ARM.attributes
                0x00000178       0x39 ./Generated_Code/lpit1.o
 .ARM.attributes
                0x000001b1       0x39 ./Generated_Code/lpspiCom1.o
 .ARM.attributes
                0x000001ea       0x39 ./Generated_Code/lpuart1.o
 .ARM.attributes
                0x00000223       0x39 ./Generated_Code/pin_mux.o
 .ARM.attributes
                0x0000025c       0x1f ./Project_Settings/Startup_Code/startup_S32K144.o
 .ARM.attributes
                0x0000027b       0x39 ./SDK/platform/devices/S32K144/startup/system_S32K144.o
 .ARM.attributes
                0x000002b4       0x39 ./SDK/platform/devices/startup.o
 .ARM.attributes
                0x000002ed       0x39 ./SDK/platform/drivers/src/clock/S32K1xx/clock_S32K1xx.o
 .ARM.attributes
                0x00000326       0x39 ./SDK/platform/drivers/src/edma/edma_driver.o
 .ARM.attributes
                0x0000035f       0x39 ./SDK/platform/drivers/src/edma/edma_hw_access.o
 .ARM.attributes
                0x00000398       0x39 ./SDK/platform/drivers/src/edma/edma_irq.o
 .ARM.attributes
                0x000003d1       0x39 ./SDK/platform/drivers/src/flexcan/flexcan_driver.o
 .ARM.attributes
                0x0000040a       0x39 ./SDK/platform/drivers/src/flexcan/flexcan_hw_access.o
 .ARM.attributes
                0x00000443       0x39 ./SDK/platform/drivers/src/flexcan/flexcan_irq.o
 .ARM.attributes
                0x0000047c       0x39 ./SDK/platform/drivers/src/ftm/ftm_common.o
 .ARM.attributes
                0x000004b5       0x39 ./SDK/platform/drivers/src/ftm/ftm_hw_access.o
 .ARM.attributes
                0x000004ee       0x39 ./SDK/platform/drivers/src/ftm/ftm_pwm_driver.o
 .ARM.attributes
                0x00000527       0x39 ./SDK/platform/drivers/src/interrupt/interrupt_manager.o
 .ARM.attributes
                0x00000560       0x39 ./SDK/platform/drivers/src/lpit/lpit_driver.o
 .ARM.attributes
                0x00000599       0x39 ./SDK/platform/drivers/src/lpspi/lpspi_hw_access.o
 .ARM.attributes
                0x000005d2       0x39 ./SDK/platform/drivers/src/lpspi/lpspi_irq.o
 .ARM.attributes
                0x0000060b       0x39 ./SDK/platform/drivers/src/lpspi/lpspi_master_driver.o
 .ARM.attributes
                0x00000644       0x39 ./SDK/platform/drivers/src/lpspi/lpspi_shared_function.o
 .ARM.attributes
                0x0000067d       0x39 ./SDK/platform/drivers/src/lpspi/lpspi_slave_driver.o
 .ARM.attributes
                0x000006b6       0x39 ./SDK/platform/drivers/src/lpuart/lpuart_driver.o
 .ARM.attributes
                0x000006ef       0x39 ./SDK/platform/drivers/src/lpuart/lpuart_hw_access.o
 .ARM.attributes
                0x00000728       0x39 ./SDK/platform/drivers/src/lpuart/lpuart_irq.o
 .ARM.attributes
                0x00000761       0x39 ./SDK/platform/drivers/src/pins/pins_driver.o
 .ARM.attributes
                0x0000079a       0x39 ./SDK/platform/drivers/src/pins/pins_port_hw_access.o
 .ARM.attributes
                0x000007d3       0x39 ./SDK/rtos/osif/osif_baremetal.o
 .ARM.attributes
                0x0000080c       0x39 ./Sources/main.o
 .ARM.attributes
                0x00000845       0x22 c:/nxp/s32ds_arm_v2.2/s32ds/build_tools/gcc_v6.3/gcc-6.3-arm32-eabi/bin/../lib/gcc/arm-none-eabi/6.3.1/thumb/v7e-m/fpv4-sp/hard\libgcc.a(_arm_addsubdf3.o)
 .ARM.attributes
                0x00000867       0x22 c:/nxp/s32ds_arm_v2.2/s32ds/build_tools/gcc_v6.3/gcc-6.3-arm32-eabi/bin/../lib/gcc/arm-none-eabi/6.3.1/thumb/v7e-m/fpv4-sp/hard\libgcc.a(_arm_muldivdf3.o)
 .ARM.attributes
                0x00000889       0x22 c:/nxp/s32ds_arm_v2.2/s32ds/build_tools/gcc_v6.3/gcc-6.3-arm32-eabi/bin/../lib/gcc/arm-none-eabi/6.3.1/thumb/v7e-m/fpv4-sp/hard\libgcc.a(_arm_cmpdf2.o)
 .ARM.attributes
                0x000008ab       0x22 c:/nxp/s32ds_arm_v2.2/s32ds/build_tools/gcc_v6.3/gcc-6.3-arm32-eabi/bin/../lib/gcc/arm-none-eabi/6.3.1/thumb/v7e-m/fpv4-sp/hard\libgcc.a(_arm_truncdfsf2.o)
 .ARM.attributes
                0x000008cd       0x22 c:/nxp/s32ds_arm_v2.2/s32ds/build_tools/gcc_v6.3/gcc-6.3-arm32-eabi/bin/../lib/gcc/arm-none-eabi/6.3.1/thumb/v7e-m/fpv4-sp/hard\libgcc.a(_aeabi_uldivmod.o)
 .ARM.attributes
                0x000008ef       0x34 c:/nxp/s32ds_arm_v2.2/s32ds/build_tools/gcc_v6.3/gcc-6.3-arm32-eabi/bin/../lib/gcc/arm-none-eabi/6.3.1/thumb/v7e-m/fpv4-sp/hard\libgcc.a(_udivmoddi4.o)
 .ARM.attributes
                0x00000923       0x22 c:/nxp/s32ds_arm_v2.2/s32ds/build_tools/gcc_v6.3/gcc-6.3-arm32-eabi/bin/../lib/gcc/arm-none-eabi/6.3.1/thumb/v7e-m/fpv4-sp/hard\libgcc.a(_dvmd_tls.o)
                0x00000001                ASSERT ((__StackLimit >= __HeapLimit), region m_data_2 overflowed with stack and heap)
OUTPUT(mkz_brake_throttle_v3.elf elf32-littlearm)

.debug_info     0x00000000    0x4fb08
 .debug_info    0x00000000     0x3588 ./Generated_Code/canCom0.o
 .debug_info    0x00003588     0x3588 ./Generated_Code/canCom1.o
 .debug_info    0x00006b10     0x3588 ./Generated_Code/canCom2.o
 .debug_info    0x0000a098     0x36b0 ./Generated_Code/clockMan1.o
 .debug_info    0x0000d748     0x35a2 ./Generated_Code/flexTimer_pwm1.o
 .debug_info    0x00010cea     0x35a2 ./Generated_Code/flexTimer_pwm2.o
 .debug_info    0x0001428c     0x35af ./Generated_Code/lpit1.o
 .debug_info    0x0001783b     0x3588 ./Generated_Code/lpspiCom1.o
 .debug_info    0x0001adc3     0x3588 ./Generated_Code/lpuart1.o
 .debug_info    0x0001e34b      0x40a ./Generated_Code/pin_mux.o
 .debug_info    0x0001e755       0x26 ./Project_Settings/Startup_Code/startup_S32K144.o
 .debug_info    0x0001e77b      0x521 ./SDK/platform/devices/S32K144/startup/system_S32K144.o
 .debug_info    0x0001ec9c      0x2ad ./SDK/platform/devices/startup.o
 .debug_info    0x0001ef49     0x606d ./SDK/platform/drivers/src/clock/S32K1xx/clock_S32K1xx.o
 .debug_info    0x00024fb6     0x479e ./SDK/platform/drivers/src/edma/edma_driver.o
 .debug_info    0x00029754      0xa55 ./SDK/platform/drivers/src/edma/edma_hw_access.o
 .debug_info    0x0002a1a9      0x6db ./SDK/platform/drivers/src/edma/edma_irq.o
 .debug_info    0x0002a884     0x55d4 ./SDK/platform/drivers/src/flexcan/flexcan_driver.o
 .debug_info    0x0002fe58     0x1e8c ./SDK/platform/drivers/src/flexcan/flexcan_hw_access.o
 .debug_info    0x00031ce4      0x275 ./SDK/platform/drivers/src/flexcan/flexcan_irq.o
 .debug_info    0x00031f59     0x305d ./SDK/platform/drivers/src/ftm/ftm_common.o
 .debug_info    0x00034fb6      0x9c4 ./SDK/platform/drivers/src/ftm/ftm_hw_access.o
 .debug_info    0x0003597a     0x3242 ./SDK/platform/drivers/src/ftm/ftm_pwm_driver.o
 .debug_info    0x00038bbc      0xb9d ./SDK/platform/drivers/src/interrupt/interrupt_manager.o
 .debug_info    0x00039759     0x217b ./SDK/platform/drivers/src/lpit/lpit_driver.o
 .debug_info    0x0003b8d4     0x13a6 ./SDK/platform/drivers/src/lpspi/lpspi_hw_access.o
 .debug_info    0x0003cc7a      0x788 ./SDK/platform/drivers/src/lpspi/lpspi_irq.o
 .debug_info    0x0003d402     0x2fb9 ./SDK/platform/drivers/src/lpspi/lpspi_master_driver.o
 .debug_info    0x000403bb      0xb95 ./SDK/platform/drivers/src/lpspi/lpspi_shared_function.o
 .debug_info    0x00040f50     0x260f ./SDK/platform/drivers/src/lpspi/lpspi_slave_driver.o
 .debug_info    0x0004355f     0x3750 ./SDK/platform/drivers/src/lpuart/lpuart_driver.o
 .debug_info    0x00046caf      0x9bb ./SDK/platform/drivers/src/lpuart/lpuart_hw_access.o
 .debug_info    0x0004766a      0x127 ./SDK/platform/drivers/src/lpuart/lpuart_irq.o
 .debug_info    0x00047791     0x14ba ./SDK/platform/drivers/src/pins/pins_driver.o
 .debug_info    0x00048c4b      0x9a5 ./SDK/platform/drivers/src/pins/pins_port_hw_access.o
 .debug_info    0x000495f0      0xba7 ./SDK/rtos/osif/osif_baremetal.o
 .debug_info    0x0004a197     0x5971 ./Sources/main.o

.debug_abbrev   0x00000000     0x52e8
 .debug_abbrev  0x00000000      0x17a ./Generated_Code/canCom0.o
 .debug_abbrev  0x0000017a      0x17a ./Generated_Code/canCom1.o
 .debug_abbrev  0x000002f4      0x17a ./Generated_Code/canCom2.o
 .debug_abbrev  0x0000046e      0x187 ./Generated_Code/clockMan1.o
 .debug_abbrev  0x000005f5      0x17a ./Generated_Code/flexTimer_pwm1.o
 .debug_abbrev  0x0000076f      0x17a ./Generated_Code/flexTimer_pwm2.o
 .debug_abbrev  0x000008e9      0x17a ./Generated_Code/lpit1.o
 .debug_abbrev  0x00000a63      0x17a ./Generated_Code/lpspiCom1.o
 .debug_abbrev  0x00000bdd      0x17a ./Generated_Code/lpuart1.o
 .debug_abbrev  0x00000d57       0xcd ./Generated_Code/pin_mux.o
 .debug_abbrev  0x00000e24       0x14 ./Project_Settings/Startup_Code/startup_S32K144.o
 .debug_abbrev  0x00000e38      0x141 ./SDK/platform/devices/S32K144/startup/system_S32K144.o
 .debug_abbrev  0x00000f79       0xe1 ./SDK/platform/devices/startup.o
 .debug_abbrev  0x0000105a      0x409 ./SDK/platform/drivers/src/clock/S32K1xx/clock_S32K1xx.o
 .debug_abbrev  0x00001463      0x412 ./SDK/platform/drivers/src/edma/edma_driver.o
 .debug_abbrev  0x00001875      0x240 ./SDK/platform/drivers/src/edma/edma_hw_access.o
 .debug_abbrev  0x00001ab5      0x1b9 ./SDK/platform/drivers/src/edma/edma_irq.o
 .debug_abbrev  0x00001c6e      0x43e ./SDK/platform/drivers/src/flexcan/flexcan_driver.o
 .debug_abbrev  0x000020ac      0x396 ./SDK/platform/drivers/src/flexcan/flexcan_hw_access.o
 .debug_abbrev  0x00002442       0x6d ./SDK/platform/drivers/src/flexcan/flexcan_irq.o
 .debug_abbrev  0x000024af      0x375 ./SDK/platform/drivers/src/ftm/ftm_common.o
 .debug_abbrev  0x00002824      0x1ca ./SDK/platform/drivers/src/ftm/ftm_hw_access.o
 .debug_abbrev  0x000029ee      0x30e ./SDK/platform/drivers/src/ftm/ftm_pwm_driver.o
 .debug_abbrev  0x00002cfc      0x24e ./SDK/platform/drivers/src/interrupt/interrupt_manager.o
 .debug_abbrev  0x00002f4a      0x38e ./SDK/platform/drivers/src/lpit/lpit_driver.o
 .debug_abbrev  0x000032d8      0x2a8 ./SDK/platform/drivers/src/lpspi/lpspi_hw_access.o
 .debug_abbrev  0x00003580      0x15e ./SDK/platform/drivers/src/lpspi/lpspi_irq.o
 .debug_abbrev  0x000036de      0x3fe ./SDK/platform/drivers/src/lpspi/lpspi_master_driver.o
 .debug_abbrev  0x00003adc      0x258 ./SDK/platform/drivers/src/lpspi/lpspi_shared_function.o
 .debug_abbrev  0x00003d34      0x3ed ./SDK/platform/drivers/src/lpspi/lpspi_slave_driver.o
 .debug_abbrev  0x00004121      0x3ab ./SDK/platform/drivers/src/lpuart/lpuart_driver.o
 .debug_abbrev  0x000044cc      0x1ed ./SDK/platform/drivers/src/lpuart/lpuart_hw_access.o
 .debug_abbrev  0x000046b9       0xba ./SDK/platform/drivers/src/lpuart/lpuart_irq.o
 .debug_abbrev  0x00004773      0x2f6 ./SDK/platform/drivers/src/pins/pins_driver.o
 .debug_abbrev  0x00004a69      0x232 ./SDK/platform/drivers/src/pins/pins_port_hw_access.o
 .debug_abbrev  0x00004c9b      0x2df ./SDK/rtos/osif/osif_baremetal.o
 .debug_abbrev  0x00004f7a      0x36e ./Sources/main.o

.debug_aranges  0x00000000     0x1088
 .debug_aranges
                0x00000000       0x18 ./Generated_Code/canCom0.o
 .debug_aranges
                0x00000018       0x18 ./Generated_Code/canCom1.o
 .debug_aranges
                0x00000030       0x18 ./Generated_Code/canCom2.o
 .debug_aranges
                0x00000048       0x18 ./Generated_Code/clockMan1.o
 .debug_aranges
                0x00000060       0x18 ./Generated_Code/flexTimer_pwm1.o
 .debug_aranges
                0x00000078       0x18 ./Generated_Code/flexTimer_pwm2.o
 .debug_aranges
                0x00000090       0x18 ./Generated_Code/lpit1.o
 .debug_aranges
                0x000000a8       0x18 ./Generated_Code/lpspiCom1.o
 .debug_aranges
                0x000000c0       0x18 ./Generated_Code/lpuart1.o
 .debug_aranges
                0x000000d8       0x18 ./Generated_Code/pin_mux.o
 .debug_aranges
                0x000000f0       0x20 ./Project_Settings/Startup_Code/startup_S32K144.o
 .debug_aranges
                0x00000110       0x30 ./SDK/platform/devices/S32K144/startup/system_S32K144.o
 .debug_aranges
                0x00000140       0x20 ./SDK/platform/devices/startup.o
 .debug_aranges
                0x00000160      0x120 ./SDK/platform/drivers/src/clock/S32K1xx/clock_S32K1xx.o
 .debug_aranges
                0x00000280      0x140 ./SDK/platform/drivers/src/edma/edma_driver.o
 .debug_aranges
                0x000003c0       0x88 ./SDK/platform/drivers/src/edma/edma_hw_access.o
 .debug_aranges
                0x00000448       0xa0 ./SDK/platform/drivers/src/edma/edma_irq.o
 .debug_aranges
                0x000004e8      0x190 ./SDK/platform/drivers/src/flexcan/flexcan_driver.o
 .debug_aranges